Component: Arm Compiler for Embedded 6.22 Tool: armlink [5ee90200]

==============================================================================

Section Cross References

    startup_stm32f405xx.o(RESET) refers to startup_stm32f405xx.o(STACK) for __initial_sp
    startup_stm32f405xx.o(RESET) refers to startup_stm32f405xx.o(.text) for Reset_Handler
    startup_stm32f405xx.o(RESET) refers to stm32f4xx_it.o(.text.NMI_Handler) for NMI_Handler
    startup_stm32f405xx.o(RESET) refers to stm32f4xx_it.o(.text.HardFault_Handler) for HardFault_Handler
    startup_stm32f405xx.o(RESET) refers to stm32f4xx_it.o(.text.MemManage_Handler) for MemManage_Handler
    startup_stm32f405xx.o(RESET) refers to stm32f4xx_it.o(.text.BusFault_Handler) for BusFault_Handler
    startup_stm32f405xx.o(RESET) refers to stm32f4xx_it.o(.text.UsageFault_Handler) for UsageFault_Handler
    startup_stm32f405xx.o(RESET) refers to stm32f4xx_it.o(.text.SVC_Handler) for SVC_Handler
    startup_stm32f405xx.o(RESET) refers to stm32f4xx_it.o(.text.DebugMon_Handler) for DebugMon_Handler
    startup_stm32f405xx.o(RESET) refers to stm32f4xx_it.o(.text.PendSV_Handler) for PendSV_Handler
    startup_stm32f405xx.o(RESET) refers to stm32f4xx_it.o(.text.SysTick_Handler) for SysTick_Handler
    startup_stm32f405xx.o(RESET) refers to stm32f4xx_it.o(.text.RCC_IRQHandler) for RCC_IRQHandler
    startup_stm32f405xx.o(RESET) refers to stm32f4xx_it.o(.text.DMA1_Stream5_IRQHandler) for DMA1_Stream5_IRQHandler
    startup_stm32f405xx.o(RESET) refers to stm32f4xx_it.o(.text.DMA1_Stream6_IRQHandler) for DMA1_Stream6_IRQHandler
    startup_stm32f405xx.o(RESET) refers to stm32f4xx_it.o(.text.TIM2_IRQHandler) for TIM2_IRQHandler
    startup_stm32f405xx.o(RESET) refers to stm32f4xx_it.o(.text.TIM3_IRQHandler) for TIM3_IRQHandler
    startup_stm32f405xx.o(RESET) refers to stm32f4xx_it.o(.text.USART1_IRQHandler) for USART1_IRQHandler
    startup_stm32f405xx.o(RESET) refers to stm32f4xx_it.o(.text.USART2_IRQHandler) for USART2_IRQHandler
    startup_stm32f405xx.o(RESET) refers to stm32f4xx_it.o(.text.TIM8_UP_TIM13_IRQHandler) for TIM8_UP_TIM13_IRQHandler
    startup_stm32f405xx.o(.text) refers to system_stm32f4xx.o(.text.SystemInit) for SystemInit
    startup_stm32f405xx.o(.text) refers to entry.o(.ARM.Collect$$$$00000000) for __main
    iqr.o(.text.HAL_UART_RxCpltCallback) refers to iqr.o(.bss.rx_Data) for rx_Data
    iqr.o(.text.HAL_UART_RxCpltCallback) refers to usart.o(.bss.huart2) for huart2
    iqr.o(.text.HAL_UART_RxCpltCallback) refers to stm32f4xx_hal_uart.o(.text.HAL_UART_Transmit_DMA) for HAL_UART_Transmit_DMA
    iqr.o(.text.HAL_UART_RxCpltCallback) refers to stm32f4xx_hal_uart.o(.text.HAL_UART_Receive_DMA) for HAL_UART_Receive_DMA
    iqr.o(.ARM.exidx.text.HAL_UART_RxCpltCallback) refers to iqr.o(.text.HAL_UART_RxCpltCallback) for [Anonymous Symbol]
    main.o(.text.fputc) refers to usart.o(.bss.huart2) for huart2
    main.o(.text.fputc) refers to stm32f4xx_hal_uart.o(.text.HAL_UART_Transmit) for HAL_UART_Transmit
    main.o(.ARM.exidx.text.fputc) refers to main.o(.text.fputc) for [Anonymous Symbol]
    main.o(.text.main) refers to eventrecorder.o(.text.EventRecorderInitialize) for EventRecorderInitialize
    main.o(.text.main) refers to eventrecorder.o(.text.EventRecorderStart) for EventRecorderStart
    main.o(.text.main) refers to stm32f4xx_hal.o(.text.HAL_Init) for HAL_Init
    main.o(.text.main) refers to main.o(.text.SystemClock_Config) for SystemClock_Config
    main.o(.text.main) refers to gpio.o(.text.MX_GPIO_Init) for MX_GPIO_Init
    main.o(.text.main) refers to dma.o(.text.MX_DMA_Init) for MX_DMA_Init
    main.o(.text.main) refers to tim.o(.text.MX_TIM2_Init) for MX_TIM2_Init
    main.o(.text.main) refers to tim.o(.text.MX_TIM3_Init) for MX_TIM3_Init
    main.o(.text.main) refers to usart.o(.text.MX_USART1_UART_Init) for MX_USART1_UART_Init
    main.o(.text.main) refers to usart.o(.text.MX_USART2_UART_Init) for MX_USART2_UART_Init
    main.o(.text.main) refers to sin.o(.text.print_sin) for print_sin
    main.o(.ARM.exidx.text.main) refers to main.o(.text.main) for [Anonymous Symbol]
    main.o(.text.SystemClock_Config) refers to memseta.o(.text) for __aeabi_memclr4
    main.o(.text.SystemClock_Config) refers to stm32f4xx_hal_rcc.o(.text.HAL_RCC_OscConfig) for HAL_RCC_OscConfig
    main.o(.text.SystemClock_Config) refers to stm32f4xx_hal_rcc.o(.text.HAL_RCC_ClockConfig) for HAL_RCC_ClockConfig
    main.o(.ARM.exidx.text.SystemClock_Config) refers to main.o(.text.SystemClock_Config) for [Anonymous Symbol]
    main.o(.ARM.exidx.text.Error_Handler) refers to main.o(.text.Error_Handler) for [Anonymous Symbol]
    main.o(.text.HAL_TIM_PeriodElapsedCallback) refers to stm32f4xx_hal.o(.text.HAL_IncTick) for HAL_IncTick
    main.o(.text.HAL_TIM_PeriodElapsedCallback) refers to main.o(.bss.led_count) for led_count
    main.o(.text.HAL_TIM_PeriodElapsedCallback) refers to stm32f4xx_hal_gpio.o(.text.HAL_GPIO_WritePin) for HAL_GPIO_WritePin
[...]
    Removing stm32f4xx_hal_uart.o(.text.HAL_HalfDuplex_EnableReceiver), (46 bytes).
    Removing stm32f4xx_hal_uart.o(.ARM.exidx.text.HAL_HalfDuplex_EnableReceiver), (8 bytes).
    Removing stm32f4xx_hal_uart.o(.text.HAL_UART_GetState), (14 bytes).
    Removing stm32f4xx_hal_uart.o(.ARM.exidx.text.HAL_UART_GetState), (8 bytes).
    Removing stm32f4xx_hal_uart.o(.text.HAL_UART_GetError), (4 bytes).
    Removing stm32f4xx_hal_uart.o(.ARM.exidx.text.HAL_UART_GetError), (8 bytes).
    Removing stm32f4xx_hal_uart.o(.ARM.exidx.text.UART_DMAReceiveCplt), (8 bytes).
    Removing stm32f4xx_hal_uart.o(.ARM.exidx.text.UART_DMARxHalfCplt), (8 bytes).
    Removing system_stm32f4xx.o(.text), (0 bytes).
    Removing system_stm32f4xx.o(.ARM.exidx.text.SystemInit), (8 bytes).
    Removing system_stm32f4xx.o(.text.SystemCoreClockUpdate), (134 bytes).
    Removing system_stm32f4xx.o(.ARM.exidx.text.SystemCoreClockUpdate), (8 bytes).
    Removing retarget_io.o(.text), (0 bytes).
    Removing retarget_io.o(.text.fputc), (22 bytes).
    Removing retarget_io.o(.ARM.exidx.text.fputc), (8 bytes).
    Removing retarget_io.o(.text.fgetc), (6 bytes).
    Removing retarget_io.o(.ARM.exidx.text.fgetc), (8 bytes).
    Removing retarget_io.o(.text.__backspace), (6 bytes).
    Removing retarget_io.o(.ARM.exidx.text.__backspace), (8 bytes).
    Removing retarget_io.o(.text.__aeabi_assert), (176 bytes).
    Removing retarget_io.o(.ARM.exidx.text.__aeabi_assert), (8 bytes).
    Removing retarget_io.o(.text.abort), (2 bytes).
    Removing retarget_io.o(.ARM.exidx.text.abort), (8 bytes).
    Removing stdout_evr.o(.text), (0 bytes).
    Removing stdout_evr.o(.text.stdout_putchar), (76 bytes).
    Removing stdout_evr.o(.ARM.exidx.text.stdout_putchar), (8 bytes).
    Removing stdout_evr.o(.bss.stdout_putchar.index), (4 bytes).
    Removing stdout_evr.o(.bss.stdout_putchar.buffer), (8 bytes).
    Removing eventrecorder.o(.text), (0 bytes).
    Removing eventrecorder.o(.ARM.exidx.text.EventRecorderTimerSetup), (8 bytes).
    Removing eventrecorder.o(.ARM.exidx.text.EventRecorderTimerGetFreq), (8 bytes).
    Removing eventrecorder.o(.ARM.exidx.text.EventRecorderTimerGetCount), (8 bytes).
    Removing eventrecorder.o(.ARM.exidx.text.EventRecorderInitialize), (8 bytes).
    Removing eventrecorder.o(.text.EventRecorderEnable), (120 bytes).
    Removing eventrecorder.o(.ARM.exidx.text.EventRecorderEnable), (8 bytes).
    Removing eventrecorder.o(.ARM.exidx.text.EventRecorderStart), (8 bytes).
    Removing eventrecorder.o(.text.EventRecorderDisable), (122 bytes).
    Removing eventrecorder.o(.ARM.exidx.text.EventRecorderDisable), (8 bytes).
    Removing eventrecorder.o(.text.EventRecorderStop), (330 bytes).
    Removing eventrecorder.o(.ARM.exidx.text.EventRecorderStop), (8 bytes).
    Removing eventrecorder.o(.text.EventRecorderClockUpdate), (340 bytes).
    Removing eventrecorder.o(.ARM.exidx.text.EventRecorderClockUpdate), (8 bytes).
    Removing eventrecorder.o(.text.EventRecordData), (1392 bytes).
    Removing eventrecorder.o(.ARM.exidx.text.EventRecordData), (8 bytes).
    Removing eventrecorder.o(.ARM.exidx.text.EventRecord2), (8 bytes).
    Removing eventrecorder.o(.text.EventRecord4), (696 bytes).
    Removing eventrecorder.o(.ARM.exidx.text.EventRecord4), (8 bytes).
    Removing dneg.o(.text), (6 bytes).

759 unused section(s) (total 38150 bytes) removed from the image.

==============================================================================

Image Symbol Table

    Local Symbols

    Symbol Name                              Value     Ov Type        Size  Object(Section)

    ../clib/division.s                       0x00000000   Number         0  aeabi_sdiv.o ABSOLUTE
    ../clib/microlib/division.c              0x00000000   Number         0  uldiv.o ABSOLUTE
    ../clib/microlib/division.c              0x00000000   Number         0  uidiv.o ABSOLUTE
    ../clib/microlib/errno.c                 0x00000000   Number         0  errno.o ABSOLUTE
    ../clib/microlib/init/entry.s            0x00000000   Number         0  entry.o ABSOLUTE
    ../clib/microlib/init/entry.s            0x00000000   Number         0  entry2.o ABSOLUTE
    ../clib/microlib/init/entry.s            0x00000000   Number         0  entry5.o ABSOLUTE
    ../clib/microlib/init/entry.s            0x00000000   Number         0  entry7a.o ABSOLUTE
    ../clib/microlib/init/entry.s            0x00000000   Number         0  entry7b.o ABSOLUTE
    ../clib/microlib/init/entry.s            0x00000000   Number         0  entry8a.o ABSOLUTE
    ../clib/microlib/init/entry.s            0x00000000   Number         0  entry8b.o ABSOLUTE
    ../clib/microlib/init/entry.s            0x00000000   Number         0  entry9a.o ABSOLUTE
    ../clib/microlib/init/entry.s            0x00000000   Number         0  entry9b.o ABSOLUTE
    ../clib/microlib/init/entry.s            0x00000000   Number         0  entry10a.o ABSOLUTE
    ../clib/microlib/init/entry.s            0x00000000   Number         0  entry10b.o ABSOLUTE
    ../clib/microlib/init/entry.s            0x00000000   Number         0  entry11a.o ABSOLUTE
    ../clib/microlib/init/entry.s            0x00000000   Number         0  entry11b.o ABSOLUTE
    ../clib/microlib/longlong.c              0x00000000   Number         0  llshl.o ABSOLUTE
    ../clib/microlib/longlong.c              0x00000000   Number         0  llushr.o ABSOLUTE
    ../clib/microlib/longlong.c              0x00000000   Number         0  llsshr.o ABSOLUTE
    ../clib/microlib/printf/printf.c         0x00000000   Number         0  printfb.o ABSOLUTE
    ../clib/microlib/printf/printf.c         0x00000000   Number         0  printf0.o ABSOLUTE
    ../clib/microlib/printf/printf.c         0x00000000   Number         0  printf1.o ABSOLUTE
    ../clib/microlib/printf/printf.c         0x00000000   Number         0  printf2.o ABSOLUTE
    ../clib/microlib/printf/printf.c         0x00000000   Number         0  printf3.o ABSOLUTE
    ../clib/microlib/printf/printf.c         0x00000000   Number         0  printf4.o ABSOLUTE
    ../clib/microlib/printf/printf.c         0x00000000   Number         0  printf5.o ABSOLUTE
    ../clib/microlib/printf/printf.c         0x00000000   Number         0  printf6.o ABSOLUTE
    ../clib/microlib/printf/printf.c         0x00000000   Number         0  printf7.o ABSOLUTE
    ../clib/microlib/printf/printf.c         0x00000000   Number         0  printf8.o ABSOLUTE
    ../clib/microlib/printf/printf.c         0x00000000   Number         0  printfa.o ABSOLUTE
    ../clib/microlib/printf/stubs.s          0x00000000   Number         0  printfstubs.o ABSOLUTE
    ../clib/microlib/stdio/fputs.c           0x00000000   Number         0  fputs.o ABSOLUTE
    ../clib/microlib/stdio/fputs.c           0x00000000   Number         0  fputs_e.o ABSOLUTE
    ../clib/microlib/stdio/fwrite.c          0x00000000   Number         0  fwrite.o ABSOLUTE
    ../clib/microlib/stdio/fwrite.c          0x00000000   Number         0  fwrite_e.o ABSOLUTE
    ../clib/microlib/stdio/streams.c         0x00000000   Number         0  stdout.o ABSOLUTE
    ../clib/microlib/stdio/streams.c         0x00000000   Number         0  stderr.o ABSOLUTE
    ../clib/microlib/string/memcpy.c         0x00000000   Number         0  memcpya.o ABSOLUTE
    ../clib/microlib/string/memcpy.c         0x00000000   Number         0  memcpyb.o ABSOLUTE
    ../clib/microlib/string/memset.c         0x00000000   Number         0  memseta.o ABSOLUTE
    ../clib/microlib/stubs.s                 0x00000000   Number         0  iusefp.o ABSOLUTE
    ../fplib/microlib/d2f.c                  0x00000000   Number         0  d2f.o ABSOLUTE
    ../fplib/microlib/f2d.c                  0x00000000   Number         0  f2d.o ABSOLUTE
    ../fplib/microlib/fpadd.c                0x00000000   Number         0  dadd.o ABSOLUTE
    ../fplib/microlib/fpdiv.c                0x00000000   Number         0  ddiv.o ABSOLUTE
    ../fplib/microlib/fpepilogue.c           0x00000000   Number         0  fepilogue.o ABSOLUTE
    ../fplib/microlib/fpepilogue.c           0x00000000   Number         0  depilogue.o ABSOLUTE
    ../fplib/microlib/fpfix.c                0x00000000   Number         0  dfixul.o ABSOLUTE
    ../fplib/microlib/fpfix.c                0x00000000   Number         0  dfixi.o ABSOLUTE
    ../fplib/microlib/fpflt.c                0x00000000   Number         0  dflti.o ABSOLUTE
    ../fplib/microlib/fpflt.c                0x00000000   Number         0  dfltui.o ABSOLUTE
    ../fplib/microlib/fpmul.c                0x00000000   Number         0  dmul.o ABSOLUTE
    ../fplib/microlib/fpneg.c                0x00000000   Number         0  dneg.o ABSOLUTE
    ../mathlib/cos_i.c                       0x00000000   Number         0  cos_i.o ABSOLUTE
    ../mathlib/dunder.c                      0x00000000   Number         0  dunder.o ABSOLUTE
    ../mathlib/fabs.c                        0x00000000   Number         0  fabs.o ABSOLUTE
    ../mathlib/fpclassify.c                  0x00000000   Number         0  fpclassify.o ABSOLUTE
    ../mathlib/poly.c                        0x00000000   Number         0  poly.o ABSOLUTE
    ../mathlib/rred.c                        0x00000000   Number         0  rred.o ABSOLUTE
    ../mathlib/sin.c                         0x00000000   Number         0  sin.o ABSOLUTE
    ../mathlib/sin_i.c                       0x00000000   Number         0  sin_i.o ABSOLUTE
    EventRecorder.c                          0x00000000   Number         0  eventrecorder.o ABSOLUTE
    IQR.c                                    0x00000000   Number         0  iqr.o ABSOLUTE
    cdrcmple.s                               0x00000000   Number         0  cdrcmple.o ABSOLUTE
    dc.s                                     0x00000000   Number         0  dc.o ABSOLUTE
    dma.c                                    0x00000000   Number         0  dma.o ABSOLUTE
    gpio.c                                   0x00000000   Number         0  gpio.o ABSOLUTE
    handlers.s                               0x00000000   Number         0  handlers.o ABSOLUTE
    init.s                                   0x00000000   Number         0  init.o ABSOLUTE
    main.c                                   0x00000000   Number         0  main.o ABSOLUTE
    retarget_io.c                            0x00000000   Number         0  retarget_io.o ABSOLUTE
    sin.c                                    0x00000000   Number         0  sin.o ABSOLUTE
    startup_stm32f405xx.s                    0x00000000   Number         0  startup_stm32f405xx.o ABSOLUTE
    stdout_evr.c                             0x00000000   Number         0  stdout_evr.o ABSOLUTE
    stm32f4xx_hal.c                          0x00000000   Number         0  stm32f4xx_hal.o ABSOLUTE
    stm32f4xx_hal_cortex.c                   0x00000000   Number         0  stm32f4xx_hal_cortex.o ABSOLUTE
    stm32f4xx_hal_dma.c                      0x00000000   Number         0  stm32f4xx_hal_dma.o ABSOLUTE
    stm32f4xx_hal_dma_ex.c                   0x00000000   Number         0  stm32f4xx_hal_dma_ex.o ABSOLUTE
    stm32f4xx_hal_exti.c                     0x00000000   Number         0  stm32f4xx_hal_exti.o ABSOLUTE
    stm32f4xx_hal_flash.c                    0x00000000   Number         0  stm32f4xx_hal_flash.o ABSOLUTE
    stm32f4xx_hal_flash_ex.c                 0x00000000   Number         0  stm32f4xx_hal_flash_ex.o ABSOLUTE
    stm32f4xx_hal_flash_ramfunc.c            0x00000000   Number         0  stm32f4xx_hal_flash_ramfunc.o ABSOLUTE
    stm32f4xx_hal_gpio.c                     0x00000000   Number         0  stm32f4xx_hal_gpio.o ABSOLUTE
    stm32f4xx_hal_msp.c                      0x00000000   Number         0  stm32f4xx_hal_msp.o ABSOLUTE
    stm32f4xx_hal_pwr.c                      0x00000000   Number         0  stm32f4xx_hal_pwr.o ABSOLUTE
    stm32f4xx_hal_pwr_ex.c                   0x00000000   Number         0  stm32f4xx_hal_pwr_ex.o ABSOLUTE
    stm32f4xx_hal_rcc.c                      0x00000000   Number         0  stm32f4xx_hal_rcc.o ABSOLUTE
    stm32f4xx_hal_rcc_ex.c                   0x00000000   Number         0  stm32f4xx_hal_rcc_ex.o ABSOLUTE
    stm32f4xx_hal_tim.c                      0x00000000   Number         0  stm32f4xx_hal_tim.o ABSOLUTE
    stm32f4xx_hal_tim_ex.c                   0x00000000   Number         0  stm32f4xx_hal_tim_ex.o ABSOLUTE
    stm32f4xx_hal_timebase_tim.c             0x00000000   Number         0  stm32f4xx_hal_timebase_tim.o ABSOLUTE
    stm32f4xx_hal_uart.c                     0x00000000   Number         0  stm32f4xx_hal_uart.o ABSOLUTE
    stm32f4xx_it.c                           0x00000000   Number         0  stm32f4xx_it.o ABSOLUTE
    system_stm32f4xx.c                       0x00000000   Number         0  system_stm32f4xx.o ABSOLUTE
    tim.c                                    0x00000000   Number         0  tim.o ABSOLUTE
    usart.c                                  0x00000000   Number         0  usart.o ABSOLUTE
    RESET                                    0x08000000   Section      392  startup_stm32f405xx.o(RESET)
    .ARM.Collect$$$$00000000                 0x08000188   Section        0  entry.o(.ARM.Collect$$$$00000000)
    .ARM.Collect$$$$00000001                 0x08000188   Section        4  entry2.o(.ARM.Collect$$$$00000001)
    .ARM.Collect$$$$00000004                 0x0800018c   Section        4  entry5.o(.ARM.Collect$$$$00000004)
    .ARM.Collect$$$$00000008                 0x08000190   Section        0  entry7b.o(.ARM.Collect$$$$00000008)
    .ARM.Collect$$$$0000000A                 0x08000190   Section        0  entry8b.o(.ARM.Collect$$$$0000000A)
    .ARM.Collect$$$$0000000B                 0x08000190   Section        8  entry9a.o(.ARM.Collect$$$$0000000B)
    __lit__00000000                          0x08000198   Data           4  entry2.o(.ARM.Collect$$$$00002712)
    .ARM.Collect$$$$0000000D                 0x08000198   Section        0  entry10a.o(.ARM.Collect$$$$0000000D)
    .ARM.Collect$$$$0000000F                 0x08000198   Section        0  entry11a.o(.ARM.Collect$$$$0000000F)
    .ARM.Collect$$$$00002712                 0x08000198   Section        4  entry2.o(.ARM.Collect$$$$00002712)
    $v0                                      0x0800019c   Number         0  startup_stm32f405xx.o(.text)
    .text                                    0x0800019c   Section       36  startup_stm32f405xx.o(.text)
    .text                                    0x080001c0   Section        0  uldiv.o(.text)
    .text                                    0x08000222   Section        0  memseta.o(.text)
    .text                                    0x08000246   Section        0  dadd.o(.text)
    .text                                    0x08000394   Section        0  f2d.o(.text)
    .text                                    0x080003ba   Section        0  d2f.o(.text)
    .text                                    0x080003f2   Section        0  uidiv.o(.text)
    .text                                    0x0800041e   Section        0  llshl.o(.text)
    .text                                    0x0800043c   Section        0  llushr.o(.text)
    .text                                    0x0800045c   Section        0  llsshr.o(.text)
    .text                                    0x08000480   Section        0  iusefp.o(.text)
    .text                                    0x08000480   Section        0  fepilogue.o(.text)
    .text                                    0x080004ee   Section        0  depilogue.o(.text)
    .text                                    0x080005a8   Section        0  dmul.o(.text)
    .text                                    0x0800068c   Section        0  ddiv.o(.text)
    .text                                    0x0800076a   Section        0  dfixul.o(.text)
    .text                                    0x0800079c   Section       48  cdrcmple.o(.text)
    .text                                    0x080007cc   Section       48  init.o(.text)
    .text                                    0x080007fc   Section        0  dflti.o(.text)
    .text                                    0x0800081e   Section        0  dfltui.o(.text)
    .text                                    0x08000838   Section        0  dfixi.o(.text)
    [Anonymous Symbol]                       0x08000878   Section        0  stm32f4xx_it.o(.text.BusFault_Handler)
    [Anonymous Symbol]                       0x0800087c   Section        0  stm32f4xx_it.o(.text.DMA1_Stream5_IRQHandler)
    [Anonymous Symbol]                       0x08000888   Section        0  stm32f4xx_it.o(.text.DMA1_Stream6_IRQHandler)
    [Anonymous Symbol]                       0x08000894   Section        0  stm32f4xx_it.o(.text.DebugMon_Handler)
    [Anonymous Symbol]                       0x08000898   Section        0  main.o(.text.Error_Handler)
    [Anonymous Symbol]                       0x080008a0   Section        0  eventrecorder.o(.text.EventRecord2)
    [Anonymous Symbol]                       0x08000a30   Section        0  eventrecorder.o(.text.EventRecorderInitialize)
    [Anonymous Symbol]                       0x08000d04   Section        0  eventrecorder.o(.text.EventRecorderStart)
    [Anonymous Symbol]                       0x08000e50   Section        0  eventrecorder.o(.text.EventRecorderTimerGetCount)
    [Anonymous Symbol]                       0x08000e5c   Section        0  eventrecorder.o(.text.EventRecorderTimerGetFreq)
    [Anonymous Symbol]                       0x08000e68   Section        0  eventrecorder.o(.text.EventRecorderTimerSetup)
    [Anonymous Symbol]                       0x08000e8c   Section        0  stm32f4xx_hal_dma.o(.text.HAL_DMA_Abort)
    [Anonymous Symbol]                       0x08000f0c   Section        0  stm32f4xx_hal_dma.o(.text.HAL_DMA_Abort_IT)
    [Anonymous Symbol]                       0x08000f30   Section        0  stm32f4xx_hal_dma.o(.text.HAL_DMA_IRQHandler)
    [Anonymous Symbol]                       0x080010b8   Section        0  stm32f4xx_hal_dma.o(.text.HAL_DMA_Init)
    [Anonymous Symbol]                       0x080011f8   Section        0  stm32f4xx_hal_dma.o(.text.HAL_DMA_Start_IT)
    [Anonymous Symbol]                       0x08001298   Section        0  stm32f4xx_hal.o(.text.HAL_Delay)
    [Anonymous Symbol]                       0x080012c0   Section        0  stm32f4xx_hal_gpio.o(.text.HAL_GPIO_Init)
    [Anonymous Symbol]                       0x08001454   Section        0  stm32f4xx_hal_gpio.o(.text.HAL_GPIO_WritePin)
    [Anonymous Symbol]                       0x08001460   Section        0  stm32f4xx_hal.o(.text.HAL_GetTick)
    [Anonymous Symbol]                       0x0800146c   Section        0  stm32f4xx_hal.o(.text.HAL_IncTick)
    [Anonymous Symbol]                       0x08001488   Section        0  stm32f4xx_hal.o(.text.HAL_Init)
    [Anonymous Symbol]                       0x080014c0   Section        0  stm32f4xx_hal_timebase_tim.o(.text.HAL_InitTick)
    [Anonymous Symbol]                       0x0800156c   Section        0  stm32f4xx_hal_msp.o(.text.HAL_MspInit)
    [Anonymous Symbol]                       0x080015b8   Section        0  stm32f4xx_hal_cortex.o(.text.HAL_NVIC_EnableIRQ)
    [Anonymous Symbol]                       0x080015dc   Section        0  stm32f4xx_hal_cortex.o(.text.HAL_NVIC_SetPriority)
    [Anonymous Symbol]                       0x08001634   Section        0  stm32f4xx_hal_cortex.o(.text.HAL_NVIC_SetPriorityGrouping)
    [Anonymous Symbol]                       0x08001654   Section        0  stm32f4xx_hal_rcc.o(.text.HAL_RCC_ClockConfig)
    [Anonymous Symbol]                       0x080017b4   Section        0  stm32f4xx_hal_rcc.o(.text.HAL_RCC_GetClockConfig)
    [Anonymous Symbol]                       0x080017f4   Section        0  stm32f4xx_hal_rcc.o(.text.HAL_RCC_GetPCLK1Freq)
    [Anonymous Symbol]                       0x0800181c   Section        0  stm32f4xx_hal_rcc.o(.text.HAL_RCC_GetPCLK2Freq)
    [Anonymous Symbol]                       0x08001844   Section        0  stm32f4xx_hal_rcc.o(.text.HAL_RCC_GetSysClockFreq)
    [Anonymous Symbol]                       0x080018ac   Section        0  stm32f4xx_hal_rcc.o(.text.HAL_RCC_OscConfig)
    [Anonymous Symbol]                       0x08001c08   Section        0  stm32f4xx_hal_tim_ex.o(.text.HAL_TIMEx_BreakCallback)
    [Anonymous Symbol]                       0x08001c0c   Section        0  stm32f4xx_hal_tim_ex.o(.text.HAL_TIMEx_CommutCallback)
    [Anonymous Symbol]                       0x08001c10   Section        0  stm32f4xx_hal_tim_ex.o(.text.HAL_TIMEx_MasterConfigSynchronization)
    [Anonymous Symbol]                       0x08001ccc   Section        0  stm32f4xx_hal_tim.o(.text.HAL_TIM_Base_Init)
    [Anonymous Symbol]                       0x08001d28   Section        0  tim.o(.text.HAL_TIM_Base_MspInit)
    [Anonymous Symbol]                       0x08001d9c   Section        0  stm32f4xx_hal_tim.o(.text.HAL_TIM_Base_Start_IT)
    [Anonymous Symbol]                       0x08001e44   Section        0  stm32f4xx_hal_tim.o(.text.HAL_TIM_ConfigClockSource)
    [Anonymous Symbol]                       0x08001fe4   Section        0  stm32f4xx_hal_tim.o(.text.HAL_TIM_IC_CaptureCallback)
    [Anonymous Symbol]                       0x08001fe8   Section        0  stm32f4xx_hal_tim.o(.text.HAL_TIM_IRQHandler)
    [Anonymous Symbol]                       0x08002134   Section        0  stm32f4xx_hal_tim.o(.text.HAL_TIM_OC_DelayElapsedCallback)
    [Anonymous Symbol]                       0x08002138   Section        0  stm32f4xx_hal_tim.o(.text.HAL_TIM_PWM_ConfigChannel)
    [Anonymous Symbol]                       0x08002350   Section        0  stm32f4xx_hal_tim.o(.text.HAL_TIM_PWM_Init)
    [Anonymous Symbol]                       0x080023ac   Section        0  stm32f4xx_hal_tim.o(.text.HAL_TIM_PWM_MspInit)
    [Anonymous Symbol]                       0x080023b0   Section        0  stm32f4xx_hal_tim.o(.text.HAL_TIM_PWM_PulseFinishedCallback)
    [Anonymous Symbol]                       0x080023b4   Section        0  stm32f4xx_hal_tim.o(.text.HAL_TIM_PWM_Start)
    [Anonymous Symbol]                       0x080024d0   Section        0  main.o(.text.HAL_TIM_PeriodElapsedCallback)
    [Anonymous Symbol]                       0x08002568   Section        0  stm32f4xx_hal_tim.o(.text.HAL_TIM_TriggerCallback)
    [Anonymous Symbol]                       0x0800256c   Section        0  stm32f4xx_hal_uart.o(.text.HAL_UARTEx_RxEventCallback)
    [Anonymous Symbol]                       0x08002570   Section        0  stm32f4xx_hal_uart.o(.text.HAL_UART_ErrorCallback)
    [Anonymous Symbol]                       0x08002574   Section        0  stm32f4xx_hal_uart.o(.text.HAL_UART_IRQHandler)
    [Anonymous Symbol]                       0x0800288c   Section        0  stm32f4xx_hal_uart.o(.text.HAL_UART_Init)
    [Anonymous Symbol]                       0x080028ec   Section        0  usart.o(.text.HAL_UART_MspInit)
    [Anonymous Symbol]                       0x08002a98   Section        0  stm32f4xx_hal_uart.o(.text.HAL_UART_Receive_DMA)
    [Anonymous Symbol]                       0x08002abc   Section        0  iqr.o(.text.HAL_UART_RxCpltCallback)
    [Anonymous Symbol]                       0x08002b0c   Section        0  stm32f4xx_hal_uart.o(.text.HAL_UART_RxHalfCpltCallback)
    [Anonymous Symbol]                       0x08002b10   Section        0  stm32f4xx_hal_uart.o(.text.HAL_UART_Transmit)
    [Anonymous Symbol]                       0x08002c04   Section        0  stm32f4xx_hal_uart.o(.text.HAL_UART_Transmit_DMA)
    [Anonymous Symbol]                       0x08002c98   Section        0  stm32f4xx_hal_uart.o(.text.HAL_UART_TxCpltCallback)
    [Anonymous Symbol]                       0x08002c9c   Section        0  stm32f4xx_hal_uart.o(.text.HAL_UART_TxHalfCpltCallback)
    [Anonymous Symbol]                       0x08002ca0   Section        0  stm32f4xx_it.o(.text.HardFault_Handler)
    [Anonymous Symbol]                       0x08002ca4   Section        0  dma.o(.text.MX_DMA_Init)
    [Anonymous Symbol]                       0x08002cec   Section        0  gpio.o(.text.MX_GPIO_Init)
    [Anonymous Symbol]                       0x08002d54   Section        0  tim.o(.text.MX_TIM2_Init)
    [Anonymous Symbol]                       0x08002ddc   Section        0  tim.o(.text.MX_TIM3_Init)
    [Anonymous Symbol]                       0x08002f14   Section        0  usart.o(.text.MX_USART1_UART_Init)
    [Anonymous Symbol]                       0x08002f50   Section        0  usart.o(.text.MX_USART2_UART_Init)
    [Anonymous Symbol]                       0x08002f8c   Section        0  stm32f4xx_it.o(.text.MemManage_Handler)
    [Anonymous Symbol]                       0x08002f90   Section        0  stm32f4xx_it.o(.text.NMI_Handler)
    [Anonymous Symbol]                       0x08002f94   Section        0  stm32f4xx_it.o(.text.PendSV_Handler)
    [Anonymous Symbol]                       0x08002f98   Section        0  stm32f4xx_it.o(.text.RCC_IRQHandler)
    [Anonymous Symbol]                       0x08002f9c   Section        0  stm32f4xx_it.o(.text.SVC_Handler)
    [Anonymous Symbol]                       0x08002fa0   Section        0  stm32f4xx_it.o(.text.SysTick_Handler)
    [Anonymous Symbol]                       0x08002fa4   Section        0  main.o(.text.SystemClock_Config)
    [Anonymous Symbol]                       0x08003050   Section        0  system_stm32f4xx.o(.text.SystemInit)
    [Anonymous Symbol]                       0x08003064   Section        0  stm32f4xx_it.o(.text.TIM2_IRQHandler)
    [Anonymous Symbol]                       0x08003070   Section        0  stm32f4xx_it.o(.text.TIM3_IRQHandler)
    [Anonymous Symbol]                       0x0800307c   Section        0  stm32f4xx_it.o(.text.TIM8_UP_TIM13_IRQHandler)
    [Anonymous Symbol]                       0x08003088   Section        0  stm32f4xx_hal_tim.o(.text.TIM_Base_SetConfig)
    UART_DMAAbortOnError                     0x080031b5   Thumb Code    10  stm32f4xx_hal_uart.o(.text.UART_DMAAbortOnError)
    [Anonymous Symbol]                       0x080031b4   Section        0  stm32f4xx_hal_uart.o(.text.UART_DMAAbortOnError)
    UART_DMAError                            0x080031c1   Thumb Code   162  stm32f4xx_hal_uart.o(.text.UART_DMAError)
    [Anonymous Symbol]                       0x080031c0   Section        0  stm32f4xx_hal_uart.o(.text.UART_DMAError)
    UART_DMAReceiveCplt                      0x08003265   Thumb Code   128  stm32f4xx_hal_uart.o(.text.UART_DMAReceiveCplt)
    [Anonymous Symbol]                       0x08003264   Section        0  stm32f4xx_hal_uart.o(.text.UART_DMAReceiveCplt)
    UART_DMARxHalfCplt                       0x080032e5   Thumb Code    24  stm32f4xx_hal_uart.o(.text.UART_DMARxHalfCplt)
    [Anonymous Symbol]                       0x080032e4   Section        0  stm32f4xx_hal_uart.o(.text.UART_DMARxHalfCplt)
    UART_DMATransmitCplt                     0x080032fd   Thumb Code    62  stm32f4xx_hal_uart.o(.text.UART_DMATransmitCplt)
    [Anonymous Symbol]                       0x080032fc   Section        0  stm32f4xx_hal_uart.o(.text.UART_DMATransmitCplt)
    UART_DMATxHalfCplt                       0x0800333d   Thumb Code     6  stm32f4xx_hal_uart.o(.text.UART_DMATxHalfCplt)
    [Anonymous Symbol]                       0x0800333c   Section        0  stm32f4xx_hal_uart.o(.text.UART_DMATxHalfCplt)
    UART_Receive_IT                          0x08003345   Thumb Code   192  stm32f4xx_hal_uart.o(.text.UART_Receive_IT)
    [Anonymous Symbol]                       0x08003344   Section        0  stm32f4xx_hal_uart.o(.text.UART_Receive_IT)
    UART_SetConfig                           0x08003405   Thumb Code   222  stm32f4xx_hal_uart.o(.text.UART_SetConfig)
    [Anonymous Symbol]                       0x08003404   Section        0  stm32f4xx_hal_uart.o(.text.UART_SetConfig)
    [Anonymous Symbol]                       0x080034e4   Section        0  stm32f4xx_hal_uart.o(.text.UART_Start_Receive_DMA)
    [Anonymous Symbol]                       0x08003590   Section        0  stm32f4xx_it.o(.text.USART1_IRQHandler)
    [Anonymous Symbol]                       0x0800359c   Section        0  stm32f4xx_it.o(.text.USART2_IRQHandler)
    [Anonymous Symbol]                       0x080035a8   Section        0  stm32f4xx_it.o(.text.UsageFault_Handler)
    [Anonymous Symbol]                       0x080035ac   Section        0  main.o(.text.fputc)
    [Anonymous Symbol]                       0x080035cc   Section        0  main.o(.text.main)
    [Anonymous Symbol]                       0x08003600   Section        0  sin.o(.text.print_sin)
    i.__0printf                              0x08003698   Section        0  printfa.o(i.__0printf)
    i.__ARM_fpclassify                       0x080036b8   Section        0  fpclassify.o(i.__ARM_fpclassify)
    i.__hardfp_sin                           0x080036e8   Section        0  sin.o(i.__hardfp_sin)
    i.__ieee754_rem_pio2                     0x080037b0   Section        0  rred.o(i.__ieee754_rem_pio2)
    i.__kernel_cos                           0x08003be8   Section        0  cos_i.o(i.__kernel_cos)
    i.__kernel_poly                          0x08003d58   Section        0  poly.o(i.__kernel_poly)
    i.__kernel_sin                           0x08003e50   Section        0  sin_i.o(i.__kernel_sin)
    i.__mathlib_dbl_infnan                   0x08003f80   Section        0  dunder.o(i.__mathlib_dbl_infnan)
    i.__mathlib_dbl_invalid                  0x08003f98   Section        0  dunder.o(i.__mathlib_dbl_invalid)
    i.__mathlib_dbl_underflow                0x08003fb8   Section        0  dunder.o(i.__mathlib_dbl_underflow)
    i.__scatterload_copy                     0x08003fd8   Section       14  handlers.o(i.__scatterload_copy)
    i.__scatterload_null                     0x08003fe6   Section        2  handlers.o(i.__scatterload_null)
    i.__scatterload_zeroinit                 0x08003fe8   Section       14  handlers.o(i.__scatterload_zeroinit)
    i.__set_errno                            0x08003ff8   Section        0  errno.o(i.__set_errno)
    _fp_digits                               0x08004005   Thumb Code   366  printfa.o(i._fp_digits)
    i._fp_digits                             0x08004004   Section        0  printfa.o(i._fp_digits)
    _printf_core                             0x08004189   Thumb Code  1744  printfa.o(i._printf_core)
    i._printf_core                           0x08004188   Section        0  printfa.o(i._printf_core)
    _printf_post_padding                     0x08004865   Thumb Code    36  printfa.o(i._printf_post_padding)
    i._printf_post_padding                   0x08004864   Section        0  printfa.o(i._printf_post_padding)
    _printf_pre_padding                      0x08004889   Thumb Code    46  printfa.o(i._printf_pre_padding)
    i._printf_pre_padding                    0x08004888   Section        0  printfa.o(i._printf_pre_padding)
    i.fabs                                   0x080048b6   Section        0  fabs.o(i.fabs)
    C                                        0x080048d0   Data          48  cos_i.o(.constdata)
    .constdata                               0x080048d0   Section       48  cos_i.o(.constdata)
    pio2s                                    0x08004900   Data          48  rred.o(.constdata)
    .constdata                               0x08004900   Section      204  rred.o(.constdata)
    twooverpi                                0x08004930   Data         156  rred.o(.constdata)
    S                                        0x080049d0   Data          40  sin_i.o(.constdata)
    .constdata                               0x080049d0   Section       40  sin_i.o(.constdata)
    __tagsym$$used.0                         0x08004a10   Number         0  eventrecorder.o(.rodata.EventRecorderInfo)
    DMA_CalcBaseAndBitshift.flagBitshiftOffset 0x08004a28   Data           8  stm32f4xx_hal_dma.o(.rodata.cst8)
    [Anonymous Symbol]                       0x08004a28   Section        0  stm32f4xx_hal_dma.o(.rodata.cst8)
    .L.str                                   0x08004a30   Data          19  main.o(.rodata.str1.1)
    [Anonymous Symbol]                       0x08004a30   Section        0  main.o(.rodata.str1.1)
    .data                                    0x20000000   Section        4  stdout.o(.data)
    _errno                                   0x20000004   Data           4  errno.o(.data)
    .data                                    0x20000004   Section        4  errno.o(.data)
    EventBuffer                              0x20000280   Data        1024  eventrecorder.o(.bss.noinit)
    [Anonymous Symbol]                       0x20000280   Section        0  eventrecorder.o(.bss.noinit)
    EventFilter                              0x20000680   Data         128  eventrecorder.o(.bss.noinit)
    EventStatus                              0x20000700   Data          36  eventrecorder.o(.bss.noinit)
    STACK                                    0x20000740   Section     1024  startup_stm32f405xx.o(STACK)

    Global Symbols

    Symbol Name                              Value     Ov Type        Size  Object(Section)

    BuildAttributes$$THM_ISAv4$E$P$D$K$B$S$7EM$VFPi3$EXTD16$VFPS$VFMA$PE$A:L22UL41UL21$X:L11$S22US41US21$IEEE1$IW$~IW$USESV6$~STKCKD$USESV7$~SHL$OTIME$ROPI$IEEEX$EBA8$MICROLIB$REQ8$PRES8$EABIv2 0x00000000   Number         0  anon$$obj.o ABSOLUTE
    _printf_a                                0x00000000   Number         0  printfstubs.o ABSOLUTE
    _printf_c                                0x00000000   Number         0  printfstubs.o ABSOLUTE
    _printf_charcount                        0x00000000   Number         0  printfstubs.o ABSOLUTE
    _printf_d                                0x00000000   Number         0  printfstubs.o ABSOLUTE
    _printf_e                                0x00000000   Number         0  printfstubs.o ABSOLUTE
    _printf_f                                0x00000000   Number         0  printfstubs.o ABSOLUTE
    _printf_flags                            0x00000000   Number         0  printfstubs.o ABSOLUTE
    _printf_fp_dec                           0x00000000   Number         0  printfstubs.o ABSOLUTE
    _printf_fp_hex                           0x00000000   Number         0  printfstubs.o ABSOLUTE
    _printf_g                                0x00000000   Number         0  printfstubs.o ABSOLUTE
    _printf_i                                0x00000000   Number         0  printfstubs.o ABSOLUTE
    _printf_int_dec                          0x00000000   Number         0  printfstubs.o ABSOLUTE
    _printf_l                                0x00000000   Number         0  printfstubs.o ABSOLUTE
    _printf_lc                               0x00000000   Number         0  printfstubs.o ABSOLUTE
    _printf_ll                               0x00000000   Number         0  printfstubs.o ABSOLUTE
    _printf_lld                              0x00000000   Number         0  printfstubs.o ABSOLUTE
    _printf_lli                              0x00000000   Number         0  printfstubs.o ABSOLUTE
    _printf_llo                              0x00000000   Number         0  printfstubs.o ABSOLUTE
    _printf_llu                              0x00000000   Number         0  printfstubs.o ABSOLUTE
    _printf_llx                              0x00000000   Number         0  printfstubs.o ABSOLUTE
    _printf_longlong_dec                     0x00000000   Number         0  printfstubs.o ABSOLUTE
    _printf_longlong_hex                     0x00000000   Number         0  printfstubs.o ABSOLUTE
    _printf_longlong_oct                     0x00000000   Number         0  printfstubs.o ABSOLUTE
    _printf_ls                               0x00000000   Number         0  printfstubs.o ABSOLUTE
    _printf_mbtowc                           0x00000000   Number         0  printfstubs.o ABSOLUTE
    _printf_n                                0x00000000   Number         0  printfstubs.o ABSOLUTE
    _printf_o                                0x00000000   Number         0  printfstubs.o ABSOLUTE
    _printf_p                                0x00000000   Number         0  printfstubs.o ABSOLUTE
    _printf_percent                          0x00000000   Number         0  printfstubs.o ABSOLUTE
    _printf_pre_padding                      0x00000000   Number         0  printfstubs.o ABSOLUTE
    _printf_return_value                     0x00000000   Number         0  printfstubs.o ABSOLUTE
    _printf_s                                0x00000000   Number         0  printfstubs.o ABSOLUTE
    _printf_sizespec                         0x00000000   Number         0  printfstubs.o ABSOLUTE
    _printf_str                              0x00000000   Number         0  printfstubs.o ABSOLUTE
    _printf_truncate_signed                  0x00000000   Number         0  printfstubs.o ABSOLUTE
    _printf_truncate_unsigned                0x00000000   Number         0  printfstubs.o ABSOLUTE
    _printf_u                                0x00000000   Number         0  printfstubs.o ABSOLUTE
    _printf_wc                               0x00000000   Number         0  printfstubs.o ABSOLUTE
    _printf_wctomb                           0x00000000   Number         0  printfstubs.o ABSOLUTE
    _printf_widthprec                        0x00000000   Number         0  printfstubs.o ABSOLUTE
    _printf_x                                0x00000000   Number         0  printfstubs.o ABSOLUTE
    __cpp_initialize__aeabi_                  - Undefined Weak Reference
    __cxa_finalize                            - Undefined Weak Reference
    __decompress                              - Undefined Weak Reference
    _clock_init                               - Undefined Weak Reference
    _microlib_exit                            - Undefined Weak Reference
    __Vectors_Size                           0x00000188   Number         0  startup_stm32f405xx.o ABSOLUTE
    __Vectors                                0x08000000   Data           4  startup_stm32f405xx.o(RESET)
    __Vectors_End                            0x08000188   Data           0  startup_stm32f405xx.o(RESET)
    __main                                   0x08000189   Thumb Code     0  entry.o(.ARM.Collect$$$$00000000)
    _main_stk                                0x08000189   Thumb Code     0  entry2.o(.ARM.Collect$$$$00000001)
    _main_scatterload                        0x0800018d   Thumb Code     0  entry5.o(.ARM.Collect$$$$00000004)
    __main_after_scatterload                 0x08000191   Thumb Code     0  entry5.o(.ARM.Collect$$$$00000004)
    _main_clock                              0x08000191   Thumb Code     0  entry7b.o(.ARM.Collect$$$$00000008)
    _main_cpp_init                           0x08000191   Thumb Code     0  entry8b.o(.ARM.Collect$$$$0000000A)
    _main_init                               0x08000191   Thumb Code     0  entry9a.o(.ARM.Collect$$$$0000000B)
    __rt_final_cpp                           0x08000199   Thumb Code     0  entry10a.o(.ARM.Collect$$$$0000000D)
    __rt_final_exit                          0x08000199   Thumb Code     0  entry11a.o(.ARM.Collect$$$$0000000F)
    Reset_Handler                            0x0800019d   Thumb Code     8  startup_stm32f405xx.o(.text)
    ADC_IRQHandler                           0x080001b7   Thumb Code     0  startup_stm32f405xx.o(.text)
    CAN1_RX0_IRQHandler                      0x080001b7   Thumb Code     0  startup_stm32f405xx.o(.text)
    CAN1_RX1_IRQHandler                      0x080001b7   Thumb Code     0  startup_stm32f405xx.o(.text)
    CAN1_SCE_IRQHandler                      0x080001b7   Thumb Code     0  startup_stm32f405xx.o(.text)
    CAN1_TX_IRQHandler                       0x080001b7   Thumb Code     0  startup_stm32f405xx.o(.text)
    CAN2_RX0_IRQHandler                      0x080001b7   Thumb Code     0  startup_stm32f405xx.o(.text)
    CAN2_RX1_IRQHandler                      0x080001b7   Thumb Code     0  startup_stm32f405xx.o(.text)
    CAN2_SCE_IRQHandler                      0x080001b7   Thumb Code     0  startup_stm32f405xx.o(.text)
    CAN2_TX_IRQHandler                       0x080001b7   Thumb Code     0  startup_stm32f405xx.o(.text)
    DMA1_Stream0_IRQHandler                  0x080001b7   Thumb Code     0  startup_stm32f405xx.o(.text)
    DMA1_Stream1_IRQHandler                  0x080001b7   Thumb Code     0  startup_stm32f405xx.o(.text)
    DMA1_Stream2_IRQHandler                  0x080001b7   Thumb Code     0  startup_stm32f405xx.o(.text)
    DMA1_Stream3_IRQHandler                  0x080001b7   Thumb Code     0  startup_stm32f405xx.o(.text)
    DMA1_Stream4_IRQHandler                  0x080001b7   Thumb Code     0  startup_stm32f405xx.o(.text)
    DMA1_Stream7_IRQHandler                  0x080001b7   Thumb Code     0  startup_stm32f405xx.o(.text)
    DMA2_Stream0_IRQHandler                  0x080001b7   Thumb Code     0  startup_stm32f405xx.o(.text)
    DMA2_Stream1_IRQHandler                  0x080001b7   Thumb Code     0  startup_stm32f405xx.o(.text)
    DMA2_Stream2_IRQHandler                  0x080001b7   Thumb Code     0  startup_stm32f405xx.o(.text)
    DMA2_Stream3_IRQHandler                  0x080001b7   Thumb Code     0  startup_stm32f405xx.o(.text)
    DMA2_Stream4_IRQHandler                  0x080001b7   Thumb Code     0  startup_stm32f405xx.o(.text)
    DMA2_Stream5_IRQHandler                  0x080001b7   Thumb Code     0  startup_stm32f405xx.o(.text)
    DMA2_Stream6_IRQHandler                  0x080001b7   Thumb Code     0  startup_stm32f405xx.o(.text)
    DMA2_Stream7_IRQHandler                  0x080001b7   Thumb Code     0  startup_stm32f405xx.o(.text)
    EXTI0_IRQHandler                         0x080001b7   Thumb Code     0  startup_stm32f405xx.o(.text)
    EXTI15_10_IRQHandler                     0x080001b7   Thumb Code     0  startup_stm32f405xx.o(.text)
    EXTI1_IRQHandler                         0x080001b7   Thumb Code     0  startup_stm32f405xx.o(.text)
    EXTI2_IRQHandler                         0x080001b7   Thumb Code     0  startup_stm32f405xx.o(.text)
    EXTI3_IRQHandler                         0x080001b7   Thumb Code     0  startup_stm32f405xx.o(.text)
    EXTI4_IRQHandler                         0x080001b7   Thumb Code     0  startup_stm32f405xx.o(.text)
    EXTI9_5_IRQHandler                       0x080001b7   Thumb Code     0  startup_stm32f405xx.o(.text)
    FLASH_IRQHandler                         0x080001b7   Thumb Code     0  startup_stm32f405xx.o(.text)
    FMC_IRQHandler                           0x080001b7   Thumb Code     0  startup_stm32f405xx.o(.text)
    FPU_IRQHandler                           0x080001b7   Thumb Code     0  startup_stm32f405xx.o(.text)
    HASH_RNG_IRQHandler                      0x080001b7   Thumb Code     0  startup_stm32f405xx.o(.text)
    I2C1_ER_IRQHandler                       0x080001b7   Thumb Code     0  startup_stm32f405xx.o(.text)
    I2C1_EV_IRQHandler                       0x080001b7   Thumb Code     0  startup_stm32f405xx.o(.text)
    I2C2_ER_IRQHandler                       0x080001b7   Thumb Code     0  startup_stm32f405xx.o(.text)
    I2C2_EV_IRQHandler                       0x080001b7   Thumb Code     0  startup_stm32f405xx.o(.text)
    I2C3_ER_IRQHandler                       0x080001b7   Thumb Code     0  startup_stm32f405xx.o(.text)
    I2C3_EV_IRQHandler                       0x080001b7   Thumb Code     0  startup_stm32f405xx.o(.text)
    OTG_FS_IRQHandler                        0x080001b7   Thumb Code     0  startup_stm32f405xx.o(.text)
    OTG_FS_WKUP_IRQHandler                   0x080001b7   Thumb Code     0  startup_stm32f405xx.o(.text)
    OTG_HS_EP1_IN_IRQHandler                 0x080001b7   Thumb Code     0  startup_stm32f405xx.o(.text)
    OTG_HS_EP1_OUT_IRQHandler                0x080001b7   Thumb Code     0  startup_stm32f405xx.o(.text)
    OTG_HS_IRQHandler                        0x080001b7   Thumb Code     0  startup_stm32f405xx.o(.text)
    OTG_HS_WKUP_IRQHandler                   0x080001b7   Thumb Code     0  startup_stm32f405xx.o(.text)
    PVD_IRQHandler                           0x080001b7   Thumb Code     0  startup_stm32f405xx.o(.text)
    RTC_Alarm_IRQHandler                     0x080001b7   Thumb Code     0  startup_stm32f405xx.o(.text)
    RTC_WKUP_IRQHandler                      0x080001b7   Thumb Code     0  startup_stm32f405xx.o(.text)
    SDIO_IRQHandler                          0x080001b7   Thumb Code     0  startup_stm32f405xx.o(.text)
    SPI1_IRQHandler                          0x080001b7   Thumb Code     0  startup_stm32f405xx.o(.text)
    SPI2_IRQHandler                          0x080001b7   Thumb Code     0  startup_stm32f405xx.o(.text)
    SPI3_IRQHandler                          0x080001b7   Thumb Code     0  startup_stm32f405xx.o(.text)
    TAMP_STAMP_IRQHandler                    0x080001b7   Thumb Code     0  startup_stm32f405xx.o(.text)
    TIM1_BRK_TIM9_IRQHandler                 0x080001b7   Thumb Code     0  startup_stm32f405xx.o(.text)
    TIM1_CC_IRQHandler                       0x080001b7   Thumb Code     0  startup_stm32f405xx.o(.text)
    TIM1_TRG_COM_TIM11_IRQHandler            0x080001b7   Thumb Code     0  startup_stm32f405xx.o(.text)
    TIM1_UP_TIM10_IRQHandler                 0x080001b7   Thumb Code     0  startup_stm32f405xx.o(.text)
    TIM4_IRQHandler                          0x080001b7   Thumb Code     0  startup_stm32f405xx.o(.text)
    TIM5_IRQHandler                          0x080001b7   Thumb Code     0  startup_stm32f405xx.o(.text)
    TIM6_DAC_IRQHandler                      0x080001b7   Thumb Code     0  startup_stm32f405xx.o(.text)
    TIM7_IRQHandler                          0x080001b7   Thumb Code     0  startup_stm32f405xx.o(.text)
    TIM8_BRK_TIM12_IRQHandler                0x080001b7   Thumb Code     0  startup_stm32f405xx.o(.text)
    TIM8_CC_IRQHandler                       0x080001b7   Thumb Code     0  startup_stm32f405xx.o(.text)
    TIM8_TRG_COM_TIM14_IRQHandler            0x080001b7   Thumb Code     0  startup_stm32f405xx.o(.text)
    UART4_IRQHandler                         0x080001b7   Thumb Code     0  startup_stm32f405xx.o(.text)
    UART5_IRQHandler                         0x080001b7   Thumb Code     0  startup_stm32f405xx.o(.text)
    USART3_IRQHandler                        0x080001b7   Thumb Code     0  startup_stm32f405xx.o(.text)
    USART6_IRQHandler                        0x080001b7   Thumb Code     0  startup_stm32f405xx.o(.text)
    WWDG_IRQHandler                          0x080001b7   Thumb Code     0  startup_stm32f405xx.o(.text)
    __aeabi_uldivmod                         0x080001c1   Thumb Code    98  uldiv.o(.text)
    __aeabi_memset                           0x08000223   Thumb Code    14  memseta.o(.text)
    __aeabi_memset4                          0x08000223   Thumb Code     0  memseta.o(.text)
    __aeabi_memset8                          0x08000223   Thumb Code     0  memseta.o(.text)
    __aeabi_memclr                           0x08000231   Thumb Code     4  memseta.o(.text)
    __aeabi_memclr4                          0x08000231   Thumb Code     0  memseta.o(.text)
    __aeabi_memclr8                          0x08000231   Thumb Code     0  memseta.o(.text)
    _memset$wrapper                          0x08000235   Thumb Code    18  memseta.o(.text)
    __aeabi_dadd                             0x08000247   Thumb Code   322  dadd.o(.text)
    __aeabi_dsub                             0x08000389   Thumb Code     6  dadd.o(.text)
    __aeabi_drsub                            0x0800038f   Thumb Code     6  dadd.o(.text)
    __aeabi_f2d                              0x08000395   Thumb Code    38  f2d.o(.text)
    __aeabi_d2f                              0x080003bb   Thumb Code    56  d2f.o(.text)
    __aeabi_uidiv                            0x080003f3   Thumb Code     0  uidiv.o(.text)
    __aeabi_uidivmod                         0x080003f3   Thumb Code    44  uidiv.o(.text)
    __aeabi_llsl                             0x0800041f   Thumb Code    30  llshl.o(.text)
    _ll_shift_l                              0x0800041f   Thumb Code     0  llshl.o(.text)
    __aeabi_llsr                             0x0800043d   Thumb Code    32  llushr.o(.text)
    _ll_ushift_r                             0x0800043d   Thumb Code     0  llushr.o(.text)
    __aeabi_lasr                             0x0800045d   Thumb Code    36  llsshr.o(.text)
    _ll_sshift_r                             0x0800045d   Thumb Code     0  llsshr.o(.text)
    __I$use$fp                               0x08000481   Thumb Code     0  iusefp.o(.text)
    _float_round                             0x08000481   Thumb Code    18  fepilogue.o(.text)
    _float_epilogue                          0x08000493   Thumb Code    92  fepilogue.o(.text)
    _double_round                            0x080004ef   Thumb Code    30  depilogue.o(.text)
    _double_epilogue                         0x0800050d   Thumb Code   156  depilogue.o(.text)
    __aeabi_dmul                             0x080005a9   Thumb Code   228  dmul.o(.text)
    __aeabi_ddiv                             0x0800068d   Thumb Code   222  ddiv.o(.text)
    __aeabi_d2ulz                            0x0800076b   Thumb Code    48  dfixul.o(.text)
    __aeabi_cdrcmple                         0x0800079d   Thumb Code    48  cdrcmple.o(.text)
    __scatterload                            0x080007cd   Thumb Code    38  init.o(.text)
    __scatterload_rt2                        0x080007cd   Thumb Code     0  init.o(.text)
    __aeabi_i2d                              0x080007fd   Thumb Code    34  dflti.o(.text)
    __aeabi_ui2d                             0x0800081f   Thumb Code    26  dfltui.o(.text)
    __aeabi_d2iz                             0x08000839   Thumb Code    62  dfixi.o(.text)
    BusFault_Handler                         0x08000879   Thumb Code     2  stm32f4xx_it.o(.text.BusFault_Handler)
    DMA1_Stream5_IRQHandler                  0x0800087d   Thumb Code    12  stm32f4xx_it.o(.text.DMA1_Stream5_IRQHandler)
    DMA1_Stream6_IRQHandler                  0x08000889   Thumb Code    12  stm32f4xx_it.o(.text.DMA1_Stream6_IRQHandler)
    DebugMon_Handler                         0x08000895   Thumb Code     2  stm32f4xx_it.o(.text.DebugMon_Handler)
    Error_Handler                            0x08000899   Thumb Code     6  main.o(.text.Error_Handler)
    EventRecord2                             0x080008a1   Thumb Code   398  eventrecorder.o(.text.EventRecord2)
    EventRecorderInitialize                  0x08000a31   Thumb Code   724  eventrecorder.o(.text.EventRecorderInitialize)
    EventRecorderStart                       0x08000d05   Thumb Code   330  eventrecorder.o(.text.EventRecorderStart)
    EventRecorderTimerGetCount               0x08000e51   Thumb Code    12  eventrecorder.o(.text.EventRecorderTimerGetCount)
    EventRecorderTimerGetFreq                0x08000e5d   Thumb Code    12  eventrecorder.o(.text.EventRecorderTimerGetFreq)
    EventRecorderTimerSetup                  0x08000e69   Thumb Code    36  eventrecorder.o(.text.EventRecorderTimerSetup)
    HAL_DMA_Abort                            0x08000e8d   Thumb Code   128  stm32f4xx_hal_dma.o(.text.HAL_DMA_Abort)
    HAL_DMA_Abort_IT                         0x08000f0d   Thumb Code    36  stm32f4xx_hal_dma.o(.text.HAL_DMA_Abort_IT)
    HAL_DMA_IRQHandler                       0x08000f31   Thumb Code   392  stm32f4xx_hal_dma.o(.text.HAL_DMA_IRQHandler)
    HAL_DMA_Init                             0x080010b9   Thumb Code   318  stm32f4xx_hal_dma.o(.text.HAL_DMA_Init)
    HAL_DMA_Start_IT                         0x080011f9   Thumb Code   160  stm32f4xx_hal_dma.o(.text.HAL_DMA_Start_IT)
    HAL_Delay                                0x08001299   Thumb Code    40  stm32f4xx_hal.o(.text.HAL_Delay)
    HAL_GPIO_Init                            0x080012c1   Thumb Code   404  stm32f4xx_hal_gpio.o(.text.HAL_GPIO_Init)
    HAL_GPIO_WritePin                        0x08001455   Thumb Code    10  stm32f4xx_hal_gpio.o(.text.HAL_GPIO_WritePin)
    HAL_GetTick                              0x08001461   Thumb Code    12  stm32f4xx_hal.o(.text.HAL_GetTick)
    HAL_IncTick                              0x0800146d   Thumb Code    26  stm32f4xx_hal.o(.text.HAL_IncTick)
    HAL_Init                                 0x08001489   Thumb Code    54  stm32f4xx_hal.o(.text.HAL_Init)
    HAL_InitTick                             0x080014c1   Thumb Code   172  stm32f4xx_hal_timebase_tim.o(.text.HAL_InitTick)
    HAL_MspInit                              0x0800156d   Thumb Code    76  stm32f4xx_hal_msp.o(.text.HAL_MspInit)
    HAL_NVIC_EnableIRQ                       0x080015b9   Thumb Code    34  stm32f4xx_hal_cortex.o(.text.HAL_NVIC_EnableIRQ)
    HAL_NVIC_SetPriority                     0x080015dd   Thumb Code    86  stm32f4xx_hal_cortex.o(.text.HAL_NVIC_SetPriority)
    HAL_NVIC_SetPriorityGrouping             0x08001635   Thumb Code    32  stm32f4xx_hal_cortex.o(.text.HAL_NVIC_SetPriorityGrouping)
    HAL_RCC_ClockConfig                      0x08001655   Thumb Code   352  stm32f4xx_hal_rcc.o(.text.HAL_RCC_ClockConfig)
    HAL_RCC_GetClockConfig                   0x080017b5   Thumb Code    62  stm32f4xx_hal_rcc.o(.text.HAL_RCC_GetClockConfig)
    HAL_RCC_GetPCLK1Freq                     0x080017f5   Thumb Code    38  stm32f4xx_hal_rcc.o(.text.HAL_RCC_GetPCLK1Freq)
    HAL_RCC_GetPCLK2Freq                     0x0800181d   Thumb Code    38  stm32f4xx_hal_rcc.o(.text.HAL_RCC_GetPCLK2Freq)
    HAL_RCC_GetSysClockFreq                  0x08001845   Thumb Code   104  stm32f4xx_hal_rcc.o(.text.HAL_RCC_GetSysClockFreq)
    HAL_RCC_OscConfig                        0x080018ad   Thumb Code   860  stm32f4xx_hal_rcc.o(.text.HAL_RCC_OscConfig)
    HAL_TIMEx_BreakCallback                  0x08001c09   Thumb Code     2  stm32f4xx_hal_tim_ex.o(.text.HAL_TIMEx_BreakCallback)
    HAL_TIMEx_CommutCallback                 0x08001c0d   Thumb Code     2  stm32f4xx_hal_tim_ex.o(.text.HAL_TIMEx_CommutCallback)
    HAL_TIMEx_MasterConfigSynchronization    0x08001c11   Thumb Code   188  stm32f4xx_hal_tim_ex.o(.text.HAL_TIMEx_MasterConfigSynchronization)
    HAL_TIM_Base_Init                        0x08001ccd   Thumb Code    90  stm32f4xx_hal_tim.o(.text.HAL_TIM_Base_Init)
    HAL_TIM_Base_MspInit                     0x08001d29   Thumb Code   116  tim.o(.text.HAL_TIM_Base_MspInit)
    HAL_TIM_Base_Start_IT                    0x08001d9d   Thumb Code   168  stm32f4xx_hal_tim.o(.text.HAL_TIM_Base_Start_IT)
    HAL_TIM_ConfigClockSource                0x08001e45   Thumb Code   416  stm32f4xx_hal_tim.o(.text.HAL_TIM_ConfigClockSource)
    HAL_TIM_IC_CaptureCallback               0x08001fe5   Thumb Code     2  stm32f4xx_hal_tim.o(.text.HAL_TIM_IC_CaptureCallback)
    HAL_TIM_IRQHandler                       0x08001fe9   Thumb Code   330  stm32f4xx_hal_tim.o(.text.HAL_TIM_IRQHandler)
    HAL_TIM_OC_DelayElapsedCallback          0x08002135   Thumb Code     2  stm32f4xx_hal_tim.o(.text.HAL_TIM_OC_DelayElapsedCallback)
    HAL_TIM_PWM_ConfigChannel                0x08002139   Thumb Code   534  stm32f4xx_hal_tim.o(.text.HAL_TIM_PWM_ConfigChannel)
    HAL_TIM_PWM_Init                         0x08002351   Thumb Code    90  stm32f4xx_hal_tim.o(.text.HAL_TIM_PWM_Init)
    HAL_TIM_PWM_MspInit                      0x080023ad   Thumb Code     2  stm32f4xx_hal_tim.o(.text.HAL_TIM_PWM_MspInit)
    HAL_TIM_PWM_PulseFinishedCallback        0x080023b1   Thumb Code     2  stm32f4xx_hal_tim.o(.text.HAL_TIM_PWM_PulseFinishedCallback)
    HAL_TIM_PWM_Start                        0x080023b5   Thumb Code   284  stm32f4xx_hal_tim.o(.text.HAL_TIM_PWM_Start)
    HAL_TIM_PeriodElapsedCallback            0x080024d1   Thumb Code   150  main.o(.text.HAL_TIM_PeriodElapsedCallback)
    HAL_TIM_TriggerCallback                  0x08002569   Thumb Code     2  stm32f4xx_hal_tim.o(.text.HAL_TIM_TriggerCallback)
    HAL_UARTEx_RxEventCallback               0x0800256d   Thumb Code     2  stm32f4xx_hal_uart.o(.text.HAL_UARTEx_RxEventCallback)
    HAL_UART_ErrorCallback                   0x08002571   Thumb Code     2  stm32f4xx_hal_uart.o(.text.HAL_UART_ErrorCallback)
    HAL_UART_IRQHandler                      0x08002575   Thumb Code   790  stm32f4xx_hal_uart.o(.text.HAL_UART_IRQHandler)
    HAL_UART_Init                            0x0800288d   Thumb Code    96  stm32f4xx_hal_uart.o(.text.HAL_UART_Init)
    HAL_UART_MspInit                         0x080028ed   Thumb Code   426  usart.o(.text.HAL_UART_MspInit)
    HAL_UART_Receive_DMA                     0x08002a99   Thumb Code    36  stm32f4xx_hal_uart.o(.text.HAL_UART_Receive_DMA)
    HAL_UART_RxCpltCallback                  0x08002abd   Thumb Code    80  iqr.o(.text.HAL_UART_RxCpltCallback)
    HAL_UART_RxHalfCpltCallback              0x08002b0d   Thumb Code     2  stm32f4xx_hal_uart.o(.text.HAL_UART_RxHalfCpltCallback)
    HAL_UART_Transmit                        0x08002b11   Thumb Code   244  stm32f4xx_hal_uart.o(.text.HAL_UART_Transmit)
    HAL_UART_Transmit_DMA                    0x08002c05   Thumb Code   146  stm32f4xx_hal_uart.o(.text.HAL_UART_Transmit_DMA)
    HAL_UART_TxCpltCallback                  0x08002c99   Thumb Code     2  stm32f4xx_hal_uart.o(.text.HAL_UART_TxCpltCallback)
    HAL_UART_TxHalfCpltCallback              0x08002c9d   Thumb Code     2  stm32f4xx_hal_uart.o(.text.HAL_UART_TxHalfCpltCallback)
    HardFault_Handler                        0x08002ca1   Thumb Code     2  stm32f4xx_it.o(.text.HardFault_Handler)
    MX_DMA_Init                              0x08002ca5   Thumb Code    72  dma.o(.text.MX_DMA_Init)
    MX_GPIO_Init                             0x08002ced   Thumb Code   104  gpio.o(.text.MX_GPIO_Init)
    MX_TIM2_Init                             0x08002d55   Thumb Code   134  tim.o(.text.MX_TIM2_Init)
    MX_TIM3_Init                             0x08002ddd   Thumb Code   310  tim.o(.text.MX_TIM3_Init)
    MX_USART1_UART_Init                      0x08002f15   Thumb Code    60  usart.o(.text.MX_USART1_UART_Init)
    MX_USART2_UART_Init                      0x08002f51   Thumb Code    60  usart.o(.text.MX_USART2_UART_Init)
    MemManage_Handler                        0x08002f8d   Thumb Code     2  stm32f4xx_it.o(.text.MemManage_Handler)
    NMI_Handler                              0x08002f91   Thumb Code     2  stm32f4xx_it.o(.text.NMI_Handler)
    PendSV_Handler                           0x08002f95   Thumb Code     2  stm32f4xx_it.o(.text.PendSV_Handler)
    RCC_IRQHandler                           0x08002f99   Thumb Code     2  stm32f4xx_it.o(.text.RCC_IRQHandler)
    SVC_Handler                              0x08002f9d   Thumb Code     2  stm32f4xx_it.o(.text.SVC_Handler)
    SysTick_Handler                          0x08002fa1   Thumb Code     2  stm32f4xx_it.o(.text.SysTick_Handler)
    SystemClock_Config                       0x08002fa5   Thumb Code   170  main.o(.text.SystemClock_Config)
    SystemInit                               0x08003051   Thumb Code    18  system_stm32f4xx.o(.text.SystemInit)
    TIM2_IRQHandler                          0x08003065   Thumb Code    12  stm32f4xx_it.o(.text.TIM2_IRQHandler)
    TIM3_IRQHandler                          0x08003071   Thumb Code    12  stm32f4xx_it.o(.text.TIM3_IRQHandler)
    TIM8_UP_TIM13_IRQHandler                 0x0800307d   Thumb Code    12  stm32f4xx_it.o(.text.TIM8_UP_TIM13_IRQHandler)
    TIM_Base_SetConfig                       0x08003089   Thumb Code   300  stm32f4xx_hal_tim.o(.text.TIM_Base_SetConfig)
    UART_Start_Receive_DMA                   0x080034e5   Thumb Code   170  stm32f4xx_hal_uart.o(.text.UART_Start_Receive_DMA)
    USART1_IRQHandler                        0x08003591   Thumb Code    12  stm32f4xx_it.o(.text.USART1_IRQHandler)
    USART2_IRQHandler                        0x0800359d   Thumb Code    12  stm32f4xx_it.o(.text.USART2_IRQHandler)
    UsageFault_Handler                       0x080035a9   Thumb Code     2  stm32f4xx_it.o(.text.UsageFault_Handler)
    fputc                                    0x080035ad   Thumb Code    30  main.o(.text.fputc)
    main                                     0x080035cd   Thumb Code    50  main.o(.text.main)
    print_sin                                0x08003601   Thumb Code   128  sin.o(.text.print_sin)
    __0printf                                0x08003699   Thumb Code    22  printfa.o(i.__0printf)
    __1printf                                0x08003699   Thumb Code     0  printfa.o(i.__0printf)
    __2printf                                0x08003699   Thumb Code     0  printfa.o(i.__0printf)
    __c89printf                              0x08003699   Thumb Code     0  printfa.o(i.__0printf)
    printf                                   0x08003699   Thumb Code     0  printfa.o(i.__0printf)
    __ARM_fpclassify                         0x080036b9   Thumb Code    48  fpclassify.o(i.__ARM_fpclassify)
    __hardfp_sin                             0x080036e9   Thumb Code   180  sin.o(i.__hardfp_sin)
    __ieee754_rem_pio2                       0x080037b1   Thumb Code   938  rred.o(i.__ieee754_rem_pio2)
    __kernel_cos                             0x08003be9   Thumb Code   322  cos_i.o(i.__kernel_cos)
    __kernel_poly                            0x08003d59   Thumb Code   248  poly.o(i.__kernel_poly)
    __kernel_sin                             0x08003e51   Thumb Code   280  sin_i.o(i.__kernel_sin)
    __mathlib_dbl_infnan                     0x08003f81   Thumb Code    20  dunder.o(i.__mathlib_dbl_infnan)
    __mathlib_dbl_invalid                    0x08003f99   Thumb Code    24  dunder.o(i.__mathlib_dbl_invalid)
    __mathlib_dbl_underflow                  0x08003fb9   Thumb Code    24  dunder.o(i.__mathlib_dbl_underflow)
    __scatterload_copy                       0x08003fd9   Thumb Code    14  handlers.o(i.__scatterload_copy)
    __scatterload_null                       0x08003fe7   Thumb Code     2  handlers.o(i.__scatterload_null)
    __scatterload_zeroinit                   0x08003fe9   Thumb Code    14  handlers.o(i.__scatterload_zeroinit)
    __set_errno                              0x08003ff9   Thumb Code     6  errno.o(i.__set_errno)
    fabs                                     0x080048b7   Thumb Code    24  fabs.o(i.fabs)
    AHBPrescTable                            0x080049f8   Data          16  system_stm32f4xx.o(.rodata.AHBPrescTable)
    APBPrescTable                            0x08004a08   Data           8  system_stm32f4xx.o(.rodata.APBPrescTable)
    EventRecorderInfo                        0x08004a10   Data          24  eventrecorder.o(.rodata.EventRecorderInfo)
    Region$$Table$$Base                      0x08004a44   Number         0  anon$$obj.o(Region$$Table)
    Region$$Table$$Limit                     0x08004a64   Number         0  anon$$obj.o(Region$$Table)
    __stdout                                 0x20000000   Data           4  stdout.o(.data)
    SystemCoreClock                          0x20000008   Data           4  system_stm32f4xx.o(.data.SystemCoreClock)
    uwTickFreq                               0x2000000c   Data           1  stm32f4xx_hal.o(.data.uwTickFreq)
    uwTickPrio                               0x20000010   Data           4  stm32f4xx_hal.o(.data.uwTickPrio)
    hdma_usart2_rx                           0x20000040   Data          96  usart.o(.bss.hdma_usart2_rx)
    hdma_usart2_tx                           0x200000a0   Data          96  usart.o(.bss.hdma_usart2_tx)
    htim2                                    0x20000100   Data          72  tim.o(.bss.htim2)
    htim3                                    0x20000148   Data          72  tim.o(.bss.htim3)
    htim8                                    0x20000190   Data          72  stm32f4xx_hal_timebase_tim.o(.bss.htim8)
    huart1                                   0x200001d8   Data          72  usart.o(.bss.huart1)
    huart2                                   0x20000220   Data          72  usart.o(.bss.huart2)
    led_count                                0x20000268   Data           4  main.o(.bss.led_count)
    print_count                              0x20000724   Data           4  main.o(.bss.print_count)
    rx_Data                                  0x20000728   Data           8  iqr.o(.bss.rx_Data)
    t1                                       0x20000730   Data           4  sin.o(.bss.t1)
    t2                                       0x20000734   Data           4  sin.o(.bss.t2)
    uwTick                                   0x20000738   Data           4  stm32f4xx_hal.o(.bss.uwTick)
    __initial_sp                             0x20000b40   Data           0  startup_stm32f405xx.o(STACK)



==============================================================================

Memory Map of the image

  Image Entry point : 0x08000189

  Load Region LR_IROM1 (Base: 0x08000000, Size: 0x00004ac0, Max: 0x00100000, ABSOLUTE)

    Execution Region ER_IROM1 (Exec base: 0x08000000, Load base: 0x08000000, Size: 0x00004a64, Max: 0x00100000, ABSOLUTE)

    Exec Addr    Load Addr    Size         Type   Attr      Idx    E Section Name        Object

    0x08000000   0x08000000   0x00000188   Data   RO            3    RESET               startup_stm32f405xx.o
    0x08000188   0x08000188   0x00000000   Code   RO         1086  * .ARM.Collect$$$$00000000  mc_w.l(entry.o)
    0x08000188   0x08000188   0x00000004   Code   RO         1399    .ARM.Collect$$$$00000001  mc_w.l(entry2.o)
    0x0800018c   0x0800018c   0x00000004   Code   RO         1402    .ARM.Collect$$$$00000004  mc_w.l(entry5.o)
    0x08000190   0x08000190   0x00000000   Code   RO         1404    .ARM.Collect$$$$00000008  mc_w.l(entry7b.o)
    0x08000190   0x08000190   0x00000000   Code   RO         1406    .ARM.Collect$$$$0000000A  mc_w.l(entry8b.o)
    0x08000190   0x08000190   0x00000008   Code   RO         1407    .ARM.Collect$$$$0000000B  mc_w.l(entry9a.o)
    0x08000198   0x08000198   0x00000000   Code   RO         1409    .ARM.Collect$$$$0000000D  mc_w.l(entry10a.o)
    0x08000198   0x08000198   0x00000000   Code   RO         1411    .ARM.Collect$$$$0000000F  mc_w.l(entry11a.o)
    0x08000198   0x08000198   0x00000004   Code   RO         1400    .ARM.Collect$$$$00002712  mc_w.l(entry2.o)
    0x0800019c   0x0800019c   0x00000024   Code   RO            4    .text               startup_stm32f405xx.o
    0x080001c0   0x080001c0   0x00000062   Code   RO         1099    .text               mc_w.l(uldiv.o)
    0x08000222   0x08000222   0x00000024   Code   RO         1103    .text               mc_w.l(memseta.o)
    0x08000246   0x08000246   0x0000014e   Code   RO         1368    .text               mf_w.l(dadd.o)
    0x08000394   0x08000394   0x00000026   Code   RO         1370    .text               mf_w.l(f2d.o)
    0x080003ba   0x080003ba   0x00000038   Code   RO         1372    .text               mf_w.l(d2f.o)
    0x080003f2   0x080003f2   0x0000002c   Code   RO         1422    .text               mc_w.l(uidiv.o)
    0x0800041e   0x0800041e   0x0000001e   Code   RO         1424    .text               mc_w.l(llshl.o)
    0x0800043c   0x0800043c   0x00000020   Code   RO         1426    .text               mc_w.l(llushr.o)
    0x0800045c   0x0800045c   0x00000024   Code   RO         1428    .text               mc_w.l(llsshr.o)
    0x08000480   0x08000480   0x00000000   Code   RO         1437    .text               mc_w.l(iusefp.o)
    0x08000480   0x08000480   0x0000006e   Code   RO         1438    .text               mf_w.l(fepilogue.o)
    0x080004ee   0x080004ee   0x000000ba   Code   RO         1440    .text               mf_w.l(depilogue.o)
    0x080005a8   0x080005a8   0x000000e4   Code   RO         1442    .text               mf_w.l(dmul.o)
    0x0800068c   0x0800068c   0x000000de   Code   RO         1444    .text               mf_w.l(ddiv.o)
    0x0800076a   0x0800076a   0x00000030   Code   RO         1448    .text               mf_w.l(dfixul.o)
    0x0800079a   0x0800079a   0x00000002   PAD
    0x0800079c   0x0800079c   0x00000030   Code   RO         1450    .text               mf_w.l(cdrcmple.o)
    0x080007cc   0x080007cc   0x00000030   Code   RO         1462    .text               mc_w.l(init.o)
    0x080007fc   0x080007fc   0x00000022   Code   RO         1464    .text               mf_w.l(dflti.o)
    0x0800081e   0x0800081e   0x0000001a   Code   RO         1466    .text               mf_w.l(dfltui.o)
    0x08000838   0x08000838   0x0000003e   Code   RO         1468    .text               mf_w.l(dfixi.o)
    0x08000876   0x08000876   0x00000002   PAD
    0x08000878   0x08000878   0x00000002   Code   RO          107    .text.BusFault_Handler  stm32f4xx_it.o
    0x0800087a   0x0800087a   0x00000002   PAD
    0x0800087c   0x0800087c   0x0000000c   Code   RO          121    .text.DMA1_Stream5_IRQHandler  stm32f4xx_it.o
    0x08000888   0x08000888   0x0000000c   Code   RO          123    .text.DMA1_Stream6_IRQHandler  stm32f4xx_it.o
    0x08000894   0x08000894   0x00000002   Code   RO          113    .text.DebugMon_Handler  stm32f4xx_it.o
    0x08000896   0x08000896   0x00000002   PAD
    0x08000898   0x08000898   0x00000006   Code   RO           27    .text.Error_Handler  main.o
    0x0800089e   0x0800089e   0x00000002   PAD
    0x080008a0   0x080008a0   0x0000018e   Code   RO         1067    .text.EventRecord2  eventrecorder.o
    0x08000a2e   0x08000a2e   0x00000002   PAD
    0x08000a30   0x08000a30   0x000002d4   Code   RO         1053    .text.EventRecorderInitialize  eventrecorder.o
    0x08000d04   0x08000d04   0x0000014a   Code   RO         1057    .text.EventRecorderStart  eventrecorder.o
    0x08000e4e   0x08000e4e   0x00000002   PAD
    0x08000e50   0x08000e50   0x0000000c   Code   RO         1051    .text.EventRecorderTimerGetCount  eventrecorder.o
    0x08000e5c   0x08000e5c   0x0000000c   Code   RO         1049    .text.EventRecorderTimerGetFreq  eventrecorder.o
    0x08000e68   0x08000e68   0x00000024   Code   RO         1047    .text.EventRecorderTimerSetup  eventrecorder.o
    0x08000e8c   0x08000e8c   0x00000080   Code   RO          651    .text.HAL_DMA_Abort  stm32f4xx_hal_dma.o
    0x08000f0c   0x08000f0c   0x00000024   Code   RO          653    .text.HAL_DMA_Abort_IT  stm32f4xx_hal_dma.o
    0x08000f30   0x08000f30   0x00000188   Code   RO          657    .text.HAL_DMA_IRQHandler  stm32f4xx_hal_dma.o
    0x080010b8   0x080010b8   0x0000013e   Code   RO          643    .text.HAL_DMA_Init  stm32f4xx_hal_dma.o
    0x080011f6   0x080011f6   0x00000002   PAD
    0x080011f8   0x080011f8   0x000000a0   Code   RO          649    .text.HAL_DMA_Start_IT  stm32f4xx_hal_dma.o
    0x08001298   0x08001298   0x00000028   Code   RO          810    .text.HAL_Delay     stm32f4xx_hal.o
    0x080012c0   0x080012c0   0x00000194   Code   RO          605    .text.HAL_GPIO_Init  stm32f4xx_hal_gpio.o
    0x08001454   0x08001454   0x0000000a   Code   RO          611    .text.HAL_GPIO_WritePin  stm32f4xx_hal_gpio.o
    0x0800145e   0x0800145e   0x00000002   PAD
    0x08001460   0x08001460   0x0000000c   Code   RO          802    .text.HAL_GetTick   stm32f4xx_hal.o
    0x0800146c   0x0800146c   0x0000001a   Code   RO          800    .text.HAL_IncTick   stm32f4xx_hal.o
    0x08001486   0x08001486   0x00000002   PAD
    0x08001488   0x08001488   0x00000036   Code   RO          790    .text.HAL_Init      stm32f4xx_hal.o
    0x080014be   0x080014be   0x00000002   PAD
    0x080014c0   0x080014c0   0x000000ac   Code   RO          151    .text.HAL_InitTick  stm32f4xx_hal_timebase_tim.o
    0x0800156c   0x0800156c   0x0000004c   Code   RO          142    .text.HAL_MspInit   stm32f4xx_hal_msp.o
    0x080015b8   0x080015b8   0x00000022   Code   RO          742    .text.HAL_NVIC_EnableIRQ  stm32f4xx_hal_cortex.o
    0x080015da   0x080015da   0x00000002   PAD
    0x080015dc   0x080015dc   0x00000056   Code   RO          740    .text.HAL_NVIC_SetPriority  stm32f4xx_hal_cortex.o
    0x08001632   0x08001632   0x00000002   PAD
    0x08001634   0x08001634   0x00000020   Code   RO          738    .text.HAL_NVIC_SetPriorityGrouping  stm32f4xx_hal_cortex.o
    0x08001654   0x08001654   0x00000160   Code   RO          499    .text.HAL_RCC_ClockConfig  stm32f4xx_hal_rcc.o
    0x080017b4   0x080017b4   0x0000003e   Code   RO          517    .text.HAL_RCC_GetClockConfig  stm32f4xx_hal_rcc.o
    0x080017f2   0x080017f2   0x00000002   PAD
    0x080017f4   0x080017f4   0x00000026   Code   RO          511    .text.HAL_RCC_GetPCLK1Freq  stm32f4xx_hal_rcc.o
    0x0800181a   0x0800181a   0x00000002   PAD
    0x0800181c   0x0800181c   0x00000026   Code   RO          513    .text.HAL_RCC_GetPCLK2Freq  stm32f4xx_hal_rcc.o
    0x08001842   0x08001842   0x00000002   PAD
    0x08001844   0x08001844   0x00000068   Code   RO          501    .text.HAL_RCC_GetSysClockFreq  stm32f4xx_hal_rcc.o
    0x080018ac   0x080018ac   0x0000035c   Code   RO          497    .text.HAL_RCC_OscConfig  stm32f4xx_hal_rcc.o
    0x08001c08   0x08001c08   0x00000002   Code   RO          481    .text.HAL_TIMEx_BreakCallback  stm32f4xx_hal_tim_ex.o
    0x08001c0a   0x08001c0a   0x00000002   PAD
    0x08001c0c   0x08001c0c   0x00000002   Code   RO          477    .text.HAL_TIMEx_CommutCallback  stm32f4xx_hal_tim_ex.o
    0x08001c0e   0x08001c0e   0x00000002   PAD
    0x08001c10   0x08001c10   0x000000bc   Code   RO          471    .text.HAL_TIMEx_MasterConfigSynchronization  stm32f4xx_hal_tim_ex.o
    0x08001ccc   0x08001ccc   0x0000005a   Code   RO          176    .text.HAL_TIM_Base_Init  stm32f4xx_hal_tim.o
    0x08001d26   0x08001d26   0x00000002   PAD
    0x08001d28   0x08001d28   0x00000074   Code   RO           67    .text.HAL_TIM_Base_MspInit  tim.o
    0x08001d9c   0x08001d9c   0x000000a8   Code   RO          190    .text.HAL_TIM_Base_Start_IT  stm32f4xx_hal_tim.o
    0x08001e44   0x08001e44   0x000001a0   Code   RO          356    .text.HAL_TIM_ConfigClockSource  stm32f4xx_hal_tim.o
    0x08001fe4   0x08001fe4   0x00000002   Code   RO          312    .text.HAL_TIM_IC_CaptureCallback  stm32f4xx_hal_tim.o
    0x08001fe6   0x08001fe6   0x00000002   PAD
    0x08001fe8   0x08001fe8   0x0000014a   Code   RO          310    .text.HAL_TIM_IRQHandler  stm32f4xx_hal_tim.o
    0x08002132   0x08002132   0x00000002   PAD
    0x08002134   0x08002134   0x00000002   Code   RO          314    .text.HAL_TIM_OC_DelayElapsedCallback  stm32f4xx_hal_tim.o
    0x08002136   0x08002136   0x00000002   PAD
    0x08002138   0x08002138   0x00000216   Code   RO          330    .text.HAL_TIM_PWM_ConfigChannel  stm32f4xx_hal_tim.o
    0x0800234e   0x0800234e   0x00000002   PAD
    0x08002350   0x08002350   0x0000005a   Code   RO          230    .text.HAL_TIM_PWM_Init  stm32f4xx_hal_tim.o
    0x080023aa   0x080023aa   0x00000002   PAD
    0x080023ac   0x080023ac   0x00000002   Code   RO          232    .text.HAL_TIM_PWM_MspInit  stm32f4xx_hal_tim.o
    0x080023ae   0x080023ae   0x00000002   PAD
    0x080023b0   0x080023b0   0x00000002   Code   RO          316    .text.HAL_TIM_PWM_PulseFinishedCallback  stm32f4xx_hal_tim.o
    0x080023b2   0x080023b2   0x00000002   PAD
    0x080023b4   0x080023b4   0x0000011c   Code   RO          238    .text.HAL_TIM_PWM_Start  stm32f4xx_hal_tim.o
    0x080024d0   0x080024d0   0x00000096   Code   RO           29    .text.HAL_TIM_PeriodElapsedCallback  main.o
    0x08002566   0x08002566   0x00000002   PAD
    0x08002568   0x08002568   0x00000002   Code   RO          320    .text.HAL_TIM_TriggerCallback  stm32f4xx_hal_tim.o
    0x0800256a   0x0800256a   0x00000002   PAD
    0x0800256c   0x0800256c   0x00000002   Code   RO          967    .text.HAL_UARTEx_RxEventCallback  stm32f4xx_hal_uart.o
    0x0800256e   0x0800256e   0x00000002   PAD
    0x08002570   0x08002570   0x00000002   Code   RO          965    .text.HAL_UART_ErrorCallback  stm32f4xx_hal_uart.o
    0x08002572   0x08002572   0x00000002   PAD
    0x08002574   0x08002574   0x00000316   Code   RO          959    .text.HAL_UART_IRQHandler  stm32f4xx_hal_uart.o
    0x0800288a   0x0800288a   0x00000002   PAD
    0x0800288c   0x0800288c   0x00000060   Code   RO          881    .text.HAL_UART_Init  stm32f4xx_hal_uart.o
    0x080028ec   0x080028ec   0x000001aa   Code   RO           85    .text.HAL_UART_MspInit  usart.o
    0x08002a96   0x08002a96   0x00000002   PAD
    0x08002a98   0x08002a98   0x00000024   Code   RO          915    .text.HAL_UART_Receive_DMA  stm32f4xx_hal_uart.o
    0x08002abc   0x08002abc   0x00000050   Code   RO           11    .text.HAL_UART_RxCpltCallback  iqr.o
    0x08002b0c   0x08002b0c   0x00000002   Code   RO          975    .text.HAL_UART_RxHalfCpltCallback  stm32f4xx_hal_uart.o
    0x08002b0e   0x08002b0e   0x00000002   PAD
    0x08002b10   0x08002b10   0x000000f4   Code   RO          897    .text.HAL_UART_Transmit  stm32f4xx_hal_uart.o
    0x08002c04   0x08002c04   0x00000092   Code   RO          907    .text.HAL_UART_Transmit_DMA  stm32f4xx_hal_uart.o
    0x08002c96   0x08002c96   0x00000002   PAD
    0x08002c98   0x08002c98   0x00000002   Code   RO          969    .text.HAL_UART_TxCpltCallback  stm32f4xx_hal_uart.o
    0x08002c9a   0x08002c9a   0x00000002   PAD
    0x08002c9c   0x08002c9c   0x00000002   Code   RO          971    .text.HAL_UART_TxHalfCpltCallback  stm32f4xx_hal_uart.o
    0x08002c9e   0x08002c9e   0x00000002   PAD
    0x08002ca0   0x08002ca0   0x00000002   Code   RO          103    .text.HardFault_Handler  stm32f4xx_it.o
    0x08002ca2   0x08002ca2   0x00000002   PAD
    0x08002ca4   0x08002ca4   0x00000048   Code   RO           52    .text.MX_DMA_Init   dma.o
    0x08002cec   0x08002cec   0x00000068   Code   RO           43    .text.MX_GPIO_Init  gpio.o
    0x08002d54   0x08002d54   0x00000086   Code   RO           61    .text.MX_TIM2_Init  tim.o
    0x08002dda   0x08002dda   0x00000002   PAD
    0x08002ddc   0x08002ddc   0x00000136   Code   RO           63    .text.MX_TIM3_Init  tim.o
    0x08002f12   0x08002f12   0x00000002   PAD
    0x08002f14   0x08002f14   0x0000003c   Code   RO           81    .text.MX_USART1_UART_Init  usart.o
    0x08002f50   0x08002f50   0x0000003c   Code   RO           83    .text.MX_USART2_UART_Init  usart.o
    0x08002f8c   0x08002f8c   0x00000002   Code   RO          105    .text.MemManage_Handler  stm32f4xx_it.o
    0x08002f8e   0x08002f8e   0x00000002   PAD
    0x08002f90   0x08002f90   0x00000002   Code   RO          101    .text.NMI_Handler   stm32f4xx_it.o
    0x08002f92   0x08002f92   0x00000002   PAD
    0x08002f94   0x08002f94   0x00000002   Code   RO          115    .text.PendSV_Handler  stm32f4xx_it.o
    0x08002f96   0x08002f96   0x00000002   PAD
    0x08002f98   0x08002f98   0x00000002   Code   RO          119    .text.RCC_IRQHandler  stm32f4xx_it.o
    0x08002f9a   0x08002f9a   0x00000002   PAD
    0x08002f9c   0x08002f9c   0x00000002   Code   RO          111    .text.SVC_Handler   stm32f4xx_it.o
    0x08002f9e   0x08002f9e   0x00000002   PAD
    0x08002fa0   0x08002fa0   0x00000002   Code   RO          117    .text.SysTick_Handler  stm32f4xx_it.o
    0x08002fa2   0x08002fa2   0x00000002   PAD
    0x08002fa4   0x08002fa4   0x000000aa   Code   RO           25    .text.SystemClock_Config  main.o
    0x0800304e   0x0800304e   0x00000002   PAD
    0x08003050   0x08003050   0x00000012   Code   RO         1003    .text.SystemInit    system_stm32f4xx.o
    0x08003062   0x08003062   0x00000002   PAD
    0x08003064   0x08003064   0x0000000c   Code   RO          125    .text.TIM2_IRQHandler  stm32f4xx_it.o
    0x08003070   0x08003070   0x0000000c   Code   RO          127    .text.TIM3_IRQHandler  stm32f4xx_it.o
    0x0800307c   0x0800307c   0x0000000c   Code   RO          133    .text.TIM8_UP_TIM13_IRQHandler  stm32f4xx_it.o
    0x08003088   0x08003088   0x0000012c   Code   RO          180    .text.TIM_Base_SetConfig  stm32f4xx_hal_tim.o
    0x080031b4   0x080031b4   0x0000000a   Code   RO          963    .text.UART_DMAAbortOnError  stm32f4xx_hal_uart.o
    0x080031be   0x080031be   0x00000002   PAD
    0x080031c0   0x080031c0   0x000000a2   Code   RO          913    .text.UART_DMAError  stm32f4xx_hal_uart.o
    0x08003262   0x08003262   0x00000002   PAD
    0x08003264   0x08003264   0x00000080   Code   RO          991    .text.UART_DMAReceiveCplt  stm32f4xx_hal_uart.o
    0x080032e4   0x080032e4   0x00000018   Code   RO          993    .text.UART_DMARxHalfCplt  stm32f4xx_hal_uart.o
    0x080032fc   0x080032fc   0x0000003e   Code   RO          909    .text.UART_DMATransmitCplt  stm32f4xx_hal_uart.o
    0x0800333a   0x0800333a   0x00000002   PAD
    0x0800333c   0x0800333c   0x00000006   Code   RO          911    .text.UART_DMATxHalfCplt  stm32f4xx_hal_uart.o
    0x08003342   0x08003342   0x00000002   PAD
    0x08003344   0x08003344   0x000000c0   Code   RO          961    .text.UART_Receive_IT  stm32f4xx_hal_uart.o
    0x08003404   0x08003404   0x000000de   Code   RO          885    .text.UART_SetConfig  stm32f4xx_hal_uart.o
    0x080034e2   0x080034e2   0x00000002   PAD
    0x080034e4   0x080034e4   0x000000aa   Code   RO          917    .text.UART_Start_Receive_DMA  stm32f4xx_hal_uart.o
    0x0800358e   0x0800358e   0x00000002   PAD
    0x08003590   0x08003590   0x0000000c   Code   RO          129    .text.USART1_IRQHandler  stm32f4xx_it.o
    0x0800359c   0x0800359c   0x0000000c   Code   RO          131    .text.USART2_IRQHandler  stm32f4xx_it.o
    0x080035a8   0x080035a8   0x00000002   Code   RO          109    .text.UsageFault_Handler  stm32f4xx_it.o
    0x080035aa   0x080035aa   0x00000002   PAD
    0x080035ac   0x080035ac   0x0000001e   Code   RO           21    .text.fputc         main.o
    0x080035ca   0x080035ca   0x00000002   PAD
    0x080035cc   0x080035cc   0x00000032   Code   RO           23    .text.main          main.o
    0x080035fe   0x080035fe   0x00000002   PAD
    0x08003600   0x08003600   0x00000098   Code   RO          166    .text.print_sin     sin.o
    0x08003698   0x08003698   0x00000020   Code   RO         1340    i.__0printf         mc_w.l(printfa.o)
    0x080036b8   0x080036b8   0x00000030   Code   RO         1458    i.__ARM_fpclassify  m_wm.l(fpclassify.o)
    0x080036e8   0x080036e8   0x000000c8   Code   RO         1080    i.__hardfp_sin      m_wm.l(sin.o)
    0x080037b0   0x080037b0   0x00000438   Code   RO         1391    i.__ieee754_rem_pio2  m_wm.l(rred.o)
    0x08003be8   0x08003be8   0x00000170   Code   RO         1374    i.__kernel_cos      m_wm.l(cos_i.o)
    0x08003d58   0x08003d58   0x000000f8   Code   RO         1460    i.__kernel_poly     m_wm.l(poly.o)
    0x08003e50   0x08003e50   0x00000130   Code   RO         1396    i.__kernel_sin      m_wm.l(sin_i.o)
    0x08003f80   0x08003f80   0x00000014   Code   RO         1378    i.__mathlib_dbl_infnan  m_wm.l(dunder.o)
    0x08003f94   0x08003f94   0x00000004   PAD
    0x08003f98   0x08003f98   0x00000020   Code   RO         1380    i.__mathlib_dbl_invalid  m_wm.l(dunder.o)
    0x08003fb8   0x08003fb8   0x00000020   Code   RO         1383    i.__mathlib_dbl_underflow  m_wm.l(dunder.o)
    0x08003fd8   0x08003fd8   0x0000000e   Code   RO         1472    i.__scatterload_copy  mc_w.l(handlers.o)
    0x08003fe6   0x08003fe6   0x00000002   Code   RO         1473    i.__scatterload_null  mc_w.l(handlers.o)
    0x08003fe8   0x08003fe8   0x0000000e   Code   RO         1474    i.__scatterload_zeroinit  mc_w.l(handlers.o)
    0x08003ff6   0x08003ff6   0x00000002   PAD
    0x08003ff8   0x08003ff8   0x0000000c   Code   RO         1432    i.__set_errno       mc_w.l(errno.o)
    0x08004004   0x08004004   0x00000184   Code   RO         1347    i._fp_digits        mc_w.l(printfa.o)
    0x08004188   0x08004188   0x000006dc   Code   RO         1348    i._printf_core      mc_w.l(printfa.o)
    0x08004864   0x08004864   0x00000024   Code   RO         1349    i._printf_post_padding  mc_w.l(printfa.o)
    0x08004888   0x08004888   0x0000002e   Code   RO         1350    i._printf_pre_padding  mc_w.l(printfa.o)
    0x080048b6   0x080048b6   0x00000018   Code   RO         1454    i.fabs              m_wm.l(fabs.o)
    0x080048ce   0x080048ce   0x00000002   PAD
    0x080048d0   0x080048d0   0x00000030   Data   RO         1375    .constdata          m_wm.l(cos_i.o)
    0x08004900   0x08004900   0x000000cc   Data   RO         1393    .constdata          m_wm.l(rred.o)
    0x080049cc   0x080049cc   0x00000004   PAD
    0x080049d0   0x080049d0   0x00000028   Data   RO         1397    .constdata          m_wm.l(sin_i.o)
    0x080049f8   0x080049f8   0x00000010   Data   RO         1008    .rodata.AHBPrescTable  system_stm32f4xx.o
    0x08004a08   0x08004a08   0x00000008   Data   RO         1009    .rodata.APBPrescTable  system_stm32f4xx.o
    0x08004a10   0x08004a10   0x00000018   Data   RO         1072    .rodata.EventRecorderInfo  eventrecorder.o
    0x08004a28   0x08004a28   0x00000008   Data   RO          667    .rodata.cst8        stm32f4xx_hal_dma.o
    0x08004a30   0x08004a30   0x00000013   Data   RO           33    .rodata.str1.1      main.o
    0x08004a43   0x08004a43   0x00000001   PAD
    0x08004a44   0x08004a44   0x00000020   Data   RO         1471    Region$$Table       anon$$obj.o


    Execution Region RW_IRAM1 (Exec base: 0x20000000, Load base: 0x08004a80, Size: 0x00000b40, Max: 0x0001c000, ABSOLUTE)

    Exec Addr    Load Addr    Size         Type   Attr      Idx    E Section Name        Object

    0x20000000   0x08004a80   0x00000004   Data   RW         1097    .data               mc_w.l(stdout.o)
    0x20000004   0x08004a84   0x00000004   Data   RW         1433    .data               mc_w.l(errno.o)
    0x20000008   0x08004a88   0x00000004   Data   RW         1007    .data.SystemCoreClock  system_stm32f4xx.o
    0x2000000c   0x08004a8c   0x00000001   Data   RW          845    .data.uwTickFreq    stm32f4xx_hal.o
    0x2000000d   0x08004a8d   0x00000003   PAD
    0x20000010   0x08004a90   0x00000004   Data   RW          844    .data.uwTickPrio    stm32f4xx_hal.o
    0x20000014   0x08004a94   0x0000002c   PAD
    0x20000040        -       0x00000060   Zero   RW           92    .bss.hdma_usart2_rx  usart.o
    0x200000a0        -       0x00000060   Zero   RW           91    .bss.hdma_usart2_tx  usart.o
    0x20000100        -       0x00000048   Zero   RW           71    .bss.htim2          tim.o
    0x20000148        -       0x00000048   Zero   RW           72    .bss.htim3          tim.o
    0x20000190        -       0x00000048   Zero   RW          157    .bss.htim8          stm32f4xx_hal_timebase_tim.o
    0x200001d8        -       0x00000048   Zero   RW           89    .bss.huart1         usart.o
    0x20000220        -       0x00000048   Zero   RW           90    .bss.huart2         usart.o
    0x20000268        -       0x00000004   Zero   RW           31    .bss.led_count      main.o
    0x2000026c   0x08004a94   0x00000014   PAD
    0x20000280        -       0x000004a4   Zero   RW         1071    .bss.noinit         eventrecorder.o
    0x20000724        -       0x00000004   Zero   RW           32    .bss.print_count    main.o
    0x20000728        -       0x00000008   Zero   RW           13    .bss.rx_Data        iqr.o
    0x20000730        -       0x00000004   Zero   RW          168    .bss.t1             sin.o
    0x20000734        -       0x00000004   Zero   RW          169    .bss.t2             sin.o
    0x20000738        -       0x00000004   Zero   RW          846    .bss.uwTick         stm32f4xx_hal.o
    0x2000073c   0x08004a94   0x00000004   PAD
    0x20000740        -       0x00000400   Zero   RW            1    STACK               startup_stm32f405xx.o


    Execution Region RW_IRAM2 (Exec base: 0x2001c000, Load base: 0x08004ac0, Size: 0x00000000, Max: 0x00004000, ABSOLUTE)

    **** No section assigned to this execution region ****


==============================================================================

Image component sizes


      Code (inc. data)   RO Data    RW Data    ZI Data      Debug   Object Name

        72          0          0          0          0       3419   dma.o
      1512          0         24          0       1188      22020   eventrecorder.o
       104          0          0          0          0       2097   gpio.o
        80          0          0          0          8       3552   iqr.o
       406          0         19          0          8       7092   main.o
       152         24          0          0          8        828   sin.o
        36          8        392          0       1024        816   startup_stm32f405xx.o
       132          0          0          5          4       7246   stm32f4xx_hal.o
       152          0          0          0          0      10667   stm32f4xx_hal_cortex.o
      1034          4          8          0          0       9664   stm32f4xx_hal_dma.o
       414          0          0          0          0       5096   stm32f4xx_hal_gpio.o
        76          0          0          0          0       3484   stm32f4xx_hal_msp.o
      1454          0          0          0          0       7320   stm32f4xx_hal_rcc.o
      2222          4          0          0          0      57758   stm32f4xx_hal_tim.o
       192          0          0          0          0      22046   stm32f4xx_hal_tim_ex.o
       172          0          0          0         72       7165   stm32f4xx_hal_timebase_tim.o
      2298          0          0          0          0      26084   stm32f4xx_hal_uart.o
       104          0          0          0          0       6282   stm32f4xx_it.o
        18          0         24          4          0       2588   system_stm32f4xx.o
       560          0          0          0        144       8762   tim.o
       546          0          0          0        336       7445   usart.o

    ----------------------------------------------------------------------
     11844         40        500         12       2860     221431   Object Totals
         0          0         32          0          0          0   (incl. Generated)
       108          0          1          3         68          0   (incl. Padding)

    ----------------------------------------------------------------------

      Code (inc. data)   RO Data    RW Data    ZI Data      Debug   Library Member Name

       368         46         48          0          0        200   cos_i.o
        84         16          0          0          0        372   dunder.o
        24          0          0          0          0        124   fabs.o
        48          0          0          0          0        124   fpclassify.o
       248          0          0          0          0        152   poly.o
      1080        142        204          0          0        188   rred.o
       200         20          0          0          0        164   sin.o
       304         24         40          0          0        208   sin_i.o
         0          0          0          0          0          0   entry.o
         0          0          0          0          0          0   entry10a.o
         0          0          0          0          0          0   entry11a.o
         8          4          0          0          0          0   entry2.o
         4          0          0          0          0          0   entry5.o
         0          0          0          0          0          0   entry7b.o
         0          0          0          0          0          0   entry8b.o
         8          4          0          0          0          0   entry9a.o
        12          6          0          4          0         68   errno.o
        30          0          0          0          0          0   handlers.o
        48         10          0          0          0         68   init.o
         0          0          0          0          0          0   iusefp.o
        30          0          0          0          0         68   llshl.o
        36          0          0          0          0         68   llsshr.o
        32          0          0          0          0         68   llushr.o
        36          0          0          0          0        108   memseta.o
      2258         90          0          0          0        452   printfa.o
         0          0          0          4          0          0   stdout.o
        44          0          0          0          0         80   uidiv.o
        98          0          0          0          0         92   uldiv.o
        48          0          0          0          0         68   cdrcmple.o
        56          0          0          0          0         88   d2f.o
       334          0          0          0          0        148   dadd.o
       222          0          0          0          0        100   ddiv.o
       186          0          0          0          0        176   depilogue.o
        62          0          0          0          0         80   dfixi.o
        48          0          0          0          0         68   dfixul.o
        34          0          0          0          0         76   dflti.o
        26          0          0          0          0         76   dfltui.o
       228          0          0          0          0         96   dmul.o
        38          0          0          0          0         68   f2d.o
       110          0          0          0          0        168   fepilogue.o

    ----------------------------------------------------------------------
      6404        362        296          8          0       3816   Library Totals
        12          0          4          0          0          0   (incl. Padding)

    ----------------------------------------------------------------------

      Code (inc. data)   RO Data    RW Data    ZI Data      Debug   Library Name

      2356        248        292          0          0       1532   m_wm.l
      2644        114          0          8          0       1072   mc_w.l
      1392          0          0          0          0       1212   mf_w.l

    ----------------------------------------------------------------------
      6404        362        296          8          0       3816   Library Totals

    ----------------------------------------------------------------------

==============================================================================


      Code (inc. data)   RO Data    RW Data    ZI Data      Debug   

     18248        402        796         20       2860     223027   Grand Totals
     18248        402        796         20       2860     223027   ELF Image Totals
     18248        402        796         20          0          0   ROM Totals

==============================================================================

    Total RO  Size (Code + RO Data)                19044 (  18.60kB)
    Total RW  Size (RW Data + ZI Data)              2880 (   2.81kB)
    Total ROM Size (Code + RO Data + RW Data)      19064 (  18.62kB)

==============================================================================

